Archive member included to satisfy reference by file (symbol)

d:/intel/nios2eds/bin/gnu/h-x86_64-mingw32/bin/../lib/gcc/nios2-elf/5.3.0\libgcc.a(lib2-divmod.o)
                              obj/default/hello_world.o (__divsi3)
d:/intel/nios2eds/bin/gnu/h-x86_64-mingw32/bin/../lib/gcc/nios2-elf/5.3.0\libgcc.a(divsf3.o)
                              obj/default/hello_world.o (__divsf3)
d:/intel/nios2eds/bin/gnu/h-x86_64-mingw32/bin/../lib/gcc/nios2-elf/5.3.0\libgcc.a(mulsf3.o)
                              obj/default/hello_world.o (__mulsf3)
d:/intel/nios2eds/bin/gnu/h-x86_64-mingw32/bin/../lib/gcc/nios2-elf/5.3.0\libgcc.a(fixsfsi.o)
                              obj/default/hello_world.o (__fixsfsi)
d:/intel/nios2eds/bin/gnu/h-x86_64-mingw32/bin/../lib/gcc/nios2-elf/5.3.0\libgcc.a(floatsisf.o)
                              obj/default/hello_world.o (__floatsisf)
d:/intel/nios2eds/bin/gnu/h-x86_64-mingw32/bin/../lib/gcc/nios2-elf/5.3.0\libgcc.a(_clzsi2.o)
                              d:/intel/nios2eds/bin/gnu/h-x86_64-mingw32/bin/../lib/gcc/nios2-elf/5.3.0\libgcc.a(divsf3.o) (__clzsi2)
d:/intel/nios2eds/bin/gnu/h-x86_64-mingw32/bin/../lib/gcc/nios2-elf/5.3.0\libgcc.a(_clz.o)
                              d:/intel/nios2eds/bin/gnu/h-x86_64-mingw32/bin/../lib/gcc/nios2-elf/5.3.0\libgcc.a(_clzsi2.o) (__clz_tab)
d:/intel/nios2eds/bin/gnu/h-x86_64-mingw32/bin/../lib/gcc/nios2-elf/5.3.0/../../../../../H-x86_64-mingw32/nios2-elf/lib\libc.a(lib_a-printf.o)
                              obj/default/hello_world.o (printf)
d:/intel/nios2eds/bin/gnu/h-x86_64-mingw32/bin/../lib/gcc/nios2-elf/5.3.0/../../../../../H-x86_64-mingw32/nios2-elf/lib\libc.a(lib_a-vfprintf.o)
                              d:/intel/nios2eds/bin/gnu/h-x86_64-mingw32/bin/../lib/gcc/nios2-elf/5.3.0/../../../../../H-x86_64-mingw32/nios2-elf/lib\libc.a(lib_a-printf.o) (___vfprintf_internal_r)
d:/intel/nios2eds/bin/gnu/h-x86_64-mingw32/bin/../lib/gcc/nios2-elf/5.3.0/../../../../../H-x86_64-mingw32/nios2-elf/lib\libc.a(lib_a-wsetup.o)
                              d:/intel/nios2eds/bin/gnu/h-x86_64-mingw32/bin/../lib/gcc/nios2-elf/5.3.0/../../../../../H-x86_64-mingw32/nios2-elf/lib\libc.a(lib_a-vfprintf.o) (__swsetup_r)
d:/intel/nios2eds/bin/gnu/h-x86_64-mingw32/bin/../lib/gcc/nios2-elf/5.3.0/../../../../../H-x86_64-mingw32/nios2-elf/lib\libc.a(lib_a-dtoa.o)
                              d:/intel/nios2eds/bin/gnu/h-x86_64-mingw32/bin/../lib/gcc/nios2-elf/5.3.0/../../../../../H-x86_64-mingw32/nios2-elf/lib\libc.a(lib_a-vfprintf.o) (_dtoa_r)
d:/intel/nios2eds/bin/gnu/h-x86_64-mingw32/bin/../lib/gcc/nios2-elf/5.3.0/../../../../../H-x86_64-mingw32/nios2-elf/lib\libc.a(lib_a-fflush.o)
                              d:/intel/nios2eds/bin/gnu/h-x86_64-mingw32/bin/../lib/gcc/nios2-elf/5.3.0/../../../../../H-x86_64-mingw32/nios2-elf/lib\libc.a(lib_a-vfprintf.o) (_fflush_r)
d:/intel/nios2eds/bin/gnu/h-x86_64-mingw32/bin/../lib/gcc/nios2-elf/5.3.0/../../../../../H-x86_64-mingw32/nios2-elf/lib\libc.a(lib_a-findfp.o)
                              d:/intel/nios2eds/bin/gnu/h-x86_64-mingw32/bin/../lib/gcc/nios2-elf/5.3.0/../../../../../H-x86_64-mingw32/nios2-elf/lib\libc.a(lib_a-vfprintf.o) (__sinit)
d:/intel/nios2eds/bin/gnu/h-x86_64-mingw32/bin/../lib/gcc/nios2-elf/5.3.0/../../../../../H-x86_64-mingw32/nios2-elf/lib\libc.a(lib_a-freer.o)
                              d:/intel/nios2eds/bin/gnu/h-x86_64-mingw32/bin/../lib/gcc/nios2-elf/5.3.0/../../../../../H-x86_64-mingw32/nios2-elf/lib\libc.a(lib_a-wsetup.o) (_free_r)
d:/intel/nios2eds/bin/gnu/h-x86_64-mingw32/bin/../lib/gcc/nios2-elf/5.3.0/../../../../../H-x86_64-mingw32/nios2-elf/lib\libc.a(lib_a-fwalk.o)
                              d:/intel/nios2eds/bin/gnu/h-x86_64-mingw32/bin/../lib/gcc/nios2-elf/5.3.0/../../../../../H-x86_64-mingw32/nios2-elf/lib\libc.a(lib_a-findfp.o) (_fwalk)
d:/intel/nios2eds/bin/gnu/h-x86_64-mingw32/bin/../lib/gcc/nios2-elf/5.3.0/../../../../../H-x86_64-mingw32/nios2-elf/lib\libc.a(lib_a-impure.o)
                              d:/intel/nios2eds/bin/gnu/h-x86_64-mingw32/bin/../lib/gcc/nios2-elf/5.3.0/../../../../../H-x86_64-mingw32/nios2-elf/lib\libc.a(lib_a-fflush.o) (_global_impure_ptr)
d:/intel/nios2eds/bin/gnu/h-x86_64-mingw32/bin/../lib/gcc/nios2-elf/5.3.0/../../../../../H-x86_64-mingw32/nios2-elf/lib\libc.a(lib_a-locale.o)
                              d:/intel/nios2eds/bin/gnu/h-x86_64-mingw32/bin/../lib/gcc/nios2-elf/5.3.0/../../../../../H-x86_64-mingw32/nios2-elf/lib\libc.a(lib_a-vfprintf.o) (_localeconv_r)
d:/intel/nios2eds/bin/gnu/h-x86_64-mingw32/bin/../lib/gcc/nios2-elf/5.3.0/../../../../../H-x86_64-mingw32/nios2-elf/lib\libc.a(lib_a-makebuf.o)
                              d:/intel/nios2eds/bin/gnu/h-x86_64-mingw32/bin/../lib/gcc/nios2-elf/5.3.0/../../../../../H-x86_64-mingw32/nios2-elf/lib\libc.a(lib_a-wsetup.o) (__smakebuf_r)
d:/intel/nios2eds/bin/gnu/h-x86_64-mingw32/bin/../lib/gcc/nios2-elf/5.3.0/../../../../../H-x86_64-mingw32/nios2-elf/lib\libc.a(lib_a-mallocr.o)
[...]
Memory Configuration

Name             Origin             Length             Attributes
reset            0x0000000000100000 0x0000000000000020
onchip_memory2   0x0000000000100020 0x00000000000fffe0
*default*        0x0000000000000000 0xffffffffffffffff

Linker script and memory map

LOAD ../bioleg_bsp//obj/HAL/src/crt0.o
LOAD obj/default/hello_world.o
LOAD d:/intel/nios2eds/bin/gnu/h-x86_64-mingw32/bin/../lib/gcc/nios2-elf/5.3.0/../../../../../H-x86_64-mingw32/nios2-elf/lib\libstdc++.a
LOAD d:/intel/nios2eds/bin/gnu/h-x86_64-mingw32/bin/../lib/gcc/nios2-elf/5.3.0/../../../../../H-x86_64-mingw32/nios2-elf/lib\libm.a
LOAD d:/intel/nios2eds/bin/gnu/h-x86_64-mingw32/bin/../lib/gcc/nios2-elf/5.3.0\libgcc.a
START GROUP
LOAD d:/intel/nios2eds/bin/gnu/h-x86_64-mingw32/bin/../lib/gcc/nios2-elf/5.3.0/../../../../../H-x86_64-mingw32/nios2-elf/lib\libc.a
LOAD d:/intel/nios2eds/bin/gnu/h-x86_64-mingw32/bin/../lib/gcc/nios2-elf/5.3.0\libgcc.a
LOAD ../bioleg_bsp/\libhal_bsp.a
LOAD d:/intel/nios2eds/bin/gnu/h-x86_64-mingw32/bin/../lib/gcc/nios2-elf/5.3.0/../../../../../H-x86_64-mingw32/nios2-elf/lib\libm.a
END GROUP
LOAD d:/intel/nios2eds/bin/gnu/h-x86_64-mingw32/bin/../lib/gcc/nios2-elf/5.3.0\libgcc.a
                0x0000000000100000                __alt_mem_onchip_memory2 = 0x100000

.entry          0x0000000000100000       0x20
 *(.entry)
 .entry         0x0000000000100000       0x20 ../bioleg_bsp//obj/HAL/src/crt0.o
                0x0000000000100000                __reset

.exceptions     0x0000000000100020      0x224
                0x0000000000100020                PROVIDE (__ram_exceptions_start, ABSOLUTE (.))
                0x0000000000100020                . = ALIGN (0x20)
 *(.irq)
 *(.exceptions.entry.label)
 .exceptions.entry.label
                0x0000000000100020        0x0 ../bioleg_bsp/\libhal_bsp.a(alt_irq_entry.o)
                0x0000000000100020                alt_irq_entry
 .exceptions.entry.label
                0x0000000000100020        0x0 ../bioleg_bsp/\libhal_bsp.a(alt_exception_entry.o)
                0x0000000000100020                alt_exception
 *(.exceptions.entry.user)
 *(.exceptions.entry.ecc_fatal)
 *(.exceptions.entry)
 .exceptions.entry
                0x0000000000100020       0x54 ../bioleg_bsp/\libhal_bsp.a(alt_exception_entry.o)
 *(.exceptions.irqtest.user)
 *(.exceptions.irqtest)
 .exceptions.irqtest
                0x0000000000100074       0x10 ../bioleg_bsp/\libhal_bsp.a(alt_irq_entry.o)
 *(.exceptions.irqhandler.user)
 *(.exceptions.irqhandler)
 .exceptions.irqhandler
                0x0000000000100084        0x4 ../bioleg_bsp/\libhal_bsp.a(alt_irq_entry.o)
 *(.exceptions.irqreturn.user)
 *(.exceptions.irqreturn)
 .exceptions.irqreturn
                0x0000000000100088        0x4 ../bioleg_bsp/\libhal_bsp.a(alt_irq_entry.o)
 *(.exceptions.notirq.label)
 .exceptions.notirq.label
                0x000000000010008c        0x0 ../bioleg_bsp/\libhal_bsp.a(alt_irq_entry.o)
 *(.exceptions.notirq.user)
 *(.exceptions.notirq)
 .exceptions.notirq
                0x000000000010008c        0x8 ../bioleg_bsp/\libhal_bsp.a(alt_exception_entry.o)
 *(.exceptions.soft.user)
 *(.exceptions.soft)
 *(.exceptions.unknown.user)
 *(.exceptions.unknown)
 .exceptions.unknown
                0x0000000000100094       0x14 ../bioleg_bsp/\libhal_bsp.a(alt_exception_entry.o)
 *(.exceptions.exit.label)
 .exceptions.exit.label
                0x00000000001000a8        0x0 ../bioleg_bsp/\libhal_bsp.a(alt_irq_entry.o)
 .exceptions.exit.label
                0x00000000001000a8        0x0 ../bioleg_bsp/\libhal_bsp.a(alt_exception_entry.o)
 *(.exceptions.exit.user)
 *(.exceptions.exit)
 .exceptions.exit
                0x00000000001000a8       0x54 ../bioleg_bsp/\libhal_bsp.a(alt_exception_entry.o)
 *(.exceptions)
 .exceptions    0x00000000001000fc       0xd4 ../bioleg_bsp/\libhal_bsp.a(alt_irq_handler.o)
                0x00000000001000fc                alt_irq_handler
 .exceptions    0x00000000001001d0       0x74 ../bioleg_bsp/\libhal_bsp.a(alt_instruction_exception_entry.o)
                0x00000000001001d0                alt_instruction_exception_entry
                0x0000000000100244                PROVIDE (__ram_exceptions_end, ABSOLUTE (.))
                0x0000000000100020                PROVIDE (__flash_exceptions_start, LOADADDR (.exceptions))

.text           0x0000000000100244    0x10190
                [!provide]                        PROVIDE (stext, ABSOLUTE (.))
 *(.interp)
 *(.hash)
 *(.dynsym)
 *(.dynstr)
 *(.gnu.version)
 *(.gnu.version_d)
 *(.gnu.version_r)
 *(.rel.init)
 *(.rela.init)
 *(.rel.text .rel.text.* .rel.gnu.linkonce.t.*)
 *(.rela.text .rela.text.* .rela.gnu.linkonce.t.*)
 *(.rel.fini)
 *(.rela.fini)
 *(.rel.rodata .rel.rodata.* .rel.gnu.linkonce.r.*)
 *(.rela.rodata .rela.rodata.* .rela.gnu.linkonce.r.*)
 *(.rel.data .rel.data.* .rel.gnu.linkonce.d.*)
 *(.rela.data .rela.data.* .rela.gnu.linkonce.d.*)
 *(.rel.tdata .rel.tdata.* .rel.gnu.linkonce.td.*)
 *(.rela.tdata .rela.tdata.* .rela.gnu.linkonce.td.*)
 *(.rel.tbss .rel.tbss.* .rel.gnu.linkonce.tb.*)
 *(.rela.tbss .rela.tbss.* .rela.gnu.linkonce.tb.*)
 *(.rel.ctors)
 *(.rela.ctors)
 *(.rel.dtors)
 *(.rela.dtors)
 *(.rel.got)
 *(.rela.got)
 *(.rel.sdata .rel.sdata.* .rel.gnu.linkonce.s.*)
 *(.rela.sdata .rela.sdata.* .rela.gnu.linkonce.s.*)
 *(.rel.sbss .rel.sbss.* .rel.gnu.linkonce.sb.*)
 *(.rela.sbss .rela.sbss.* .rela.gnu.linkonce.sb.*)
 *(.rel.sdata2 .rel.sdata2.* .rel.gnu.linkonce.s2.*)
 *(.rela.sdata2 .rela.sdata2.* .rela.gnu.linkonce.s2.*)
 *(.rel.sbss2 .rel.sbss2.* .rel.gnu.linkonce.sb2.*)
 *(.rela.sbss2 .rela.sbss2.* .rela.gnu.linkonce.sb2.*)
 *(.rel.bss .rel.bss.* .rel.gnu.linkonce.b.*)
 *(.rela.bss .rela.bss.* .rela.gnu.linkonce.b.*)
 *(.rel.plt)
 *(.rela.plt)
 *(.rel.dyn)
 *(.init)
 *(.plt)
 *(.text .stub .text.* .gnu.linkonce.t.*)
 .text          0x0000000000100244       0x4c ../bioleg_bsp//obj/HAL/src/crt0.o
                0x0000000000100244                _start
 .text          0x0000000000100290      0xb5c obj/default/hello_world.o
                0x0000000000100290                find
                0x000000000010030c                f1
                0x00000000001003e4                f2
                0x00000000001004bc                getPos
                0x00000000001008d0                GetAngle
                0x00000000001009f4                SetMotorPosition
                0x0000000000100bd4                main
 .text          0x0000000000100dec      0x1b4 d:/intel/nios2eds/bin/gnu/h-x86_64-mingw32/bin/../lib/gcc/nios2-elf/5.3.0\libgcc.a(lib2-divmod.o)
                0x0000000000100dec                __divsi3
                0x0000000000100e70                __modsi3
                0x0000000000100ee4                __udivsi3
                0x0000000000100f48                __umodsi3
 .text          0x0000000000100fa0      0x440 d:/intel/nios2eds/bin/gnu/h-x86_64-mingw32/bin/../lib/gcc/nios2-elf/5.3.0\libgcc.a(divsf3.o)
                0x0000000000100fa0                __divsf3
 .text          0x00000000001013e0      0x3fc d:/intel/nios2eds/bin/gnu/h-x86_64-mingw32/bin/../lib/gcc/nios2-elf/5.3.0\libgcc.a(mulsf3.o)
                0x00000000001013e0                __mulsf3
 .text          0x00000000001017dc       0x70 d:/intel/nios2eds/bin/gnu/h-x86_64-mingw32/bin/../lib/gcc/nios2-elf/5.3.0\libgcc.a(fixsfsi.o)
                0x00000000001017dc                __fixsfsi
 .text          0x000000000010184c      0x124 d:/intel/nios2eds/bin/gnu/h-x86_64-mingw32/bin/../lib/gcc/nios2-elf/5.3.0\libgcc.a(floatsisf.o)
                0x000000000010184c                __floatsisf
 .text          0x0000000000101970       0x64 d:/intel/nios2eds/bin/gnu/h-x86_64-mingw32/bin/../lib/gcc/nios2-elf/5.3.0\libgcc.a(_clzsi2.o)
                0x0000000000101970                __clzsi2
 .text          0x00000000001019d4        0x0 d:/intel/nios2eds/bin/gnu/h-x86_64-mingw32/bin/../lib/gcc/nios2-elf/5.3.0\libgcc.a(_clz.o)
 .text          0x00000000001019d4        0x0 d:/intel/nios2eds/bin/gnu/h-x86_64-mingw32/bin/../lib/gcc/nios2-elf/5.3.0/../../../../../H-x86_64-mingw32/nios2-elf/lib\libc.a(lib_a-printf.o)
 .text._printf_r
                0x00000000001019d4       0x30 d:/intel/nios2eds/bin/gnu/h-x86_64-mingw32/bin/../lib/gcc/nios2-elf/5.3.0/../../../../../H-x86_64-mingw32/nios2-elf/lib\libc.a(lib_a-printf.o)
                0x00000000001019d4                _printf_r
 .text.printf   0x0000000000101a04       0x3c d:/intel/nios2eds/bin/gnu/h-x86_64-mingw32/bin/../lib/gcc/nios2-elf/5.3.0/../../../../../H-x86_64-mingw32/nios2-elf/lib\libc.a(lib_a-printf.o)
                0x0000000000101a04                printf
 .text          0x0000000000101a40        0x0 d:/intel/nios2eds/bin/gnu/h-x86_64-mingw32/bin/../lib/gcc/nios2-elf/5.3.0/../../../../../H-x86_64-mingw32/nios2-elf/lib\libc.a(lib_a-vfprintf.o)
 .text.___vfprintf_internal_r
                0x0000000000101a40     0x21f8 d:/intel/nios2eds/bin/gnu/h-x86_64-mingw32/bin/../lib/gcc/nios2-elf/5.3.0/../../../../../H-x86_64-mingw32/nios2-elf/lib\libc.a(lib_a-vfprintf.o)
                0x0000000000101a40                ___vfprintf_internal_r
 .text.__vfprintf_internal
                0x0000000000103c38       0x1c d:/intel/nios2eds/bin/gnu/h-x86_64-mingw32/bin/../lib/gcc/nios2-elf/5.3.0/../../../../../H-x86_64-mingw32/nios2-elf/lib\libc.a(lib_a-vfprintf.o)
                0x0000000000103c38                __vfprintf_internal
 .text.__sbprintf
                0x0000000000103c54       0xbc d:/intel/nios2eds/bin/gnu/h-x86_64-mingw32/bin/../lib/gcc/nios2-elf/5.3.0/../../../../../H-x86_64-mingw32/nios2-elf/lib\libc.a(lib_a-vfprintf.o)
 .text          0x0000000000103d10        0x0 d:/intel/nios2eds/bin/gnu/h-x86_64-mingw32/bin/../lib/gcc/nios2-elf/5.3.0/../../../../../H-x86_64-mingw32/nios2-elf/lib\libc.a(lib_a-wsetup.o)
 .text.__swsetup_r
                0x0000000000103d10      0x154 d:/intel/nios2eds/bin/gnu/h-x86_64-mingw32/bin/../lib/gcc/nios2-elf/5.3.0/../../../../../H-x86_64-mingw32/nios2-elf/lib\libc.a(lib_a-wsetup.o)
                0x0000000000103d10                __swsetup_r
 .text          0x0000000000103e64        0x0 d:/intel/nios2eds/bin/gnu/h-x86_64-mingw32/bin/../lib/gcc/nios2-elf/5.3.0/../../../../../H-x86_64-mingw32/nios2-elf/lib\libc.a(lib_a-dtoa.o)
 .text.quorem   0x0000000000103e64      0x200 d:/intel/nios2eds/bin/gnu/h-x86_64-mingw32/bin/../lib/gcc/nios2-elf/5.3.0/../../../../../H-x86_64-mingw32/nios2-elf/lib\libc.a(lib_a-dtoa.o)
 .text._dtoa_r  0x0000000000104064     0x1688 d:/intel/nios2eds/bin/gnu/h-x86_64-mingw32/bin/../lib/gcc/nios2-elf/5.3.0/../../../../../H-x86_64-mingw32/nios2-elf/lib\libc.a(lib_a-dtoa.o)
                0x0000000000104064                _dtoa_r
 .text          0x00000000001056ec        0x0 d:/intel/nios2eds/bin/gnu/h-x86_64-mingw32/bin/../lib/gcc/nios2-elf/5.3.0/../../../../../H-x86_64-mingw32/nios2-elf/lib\libc.a(lib_a-fflush.o)
 .text.__sflush_r
                0x00000000001056ec      0x21c d:/intel/nios2eds/bin/gnu/h-x86_64-mingw32/bin/../lib/gcc/nios2-elf/5.3.0/../../../../../H-x86_64-mingw32/nios2-elf/lib\libc.a(lib_a-fflush.o)
                0x00000000001056ec                __sflush_r
 .text._fflush_r
                0x0000000000105908       0x5c d:/intel/nios2eds/bin/gnu/h-x86_64-mingw32/bin/../lib/gcc/nios2-elf/5.3.0/../../../../../H-x86_64-mingw32/nios2-elf/lib\libc.a(lib_a-fflush.o)
                0x0000000000105908                _fflush_r
 .text.fflush   0x0000000000105964       0x30 d:/intel/nios2eds/bin/gnu/h-x86_64-mingw32/bin/../lib/gcc/nios2-elf/5.3.0/../../../../../H-x86_64-mingw32/nios2-elf/lib\libc.a(lib_a-fflush.o)
                0x0000000000105964                fflush
 .text          0x0000000000105994        0x0 d:/intel/nios2eds/bin/gnu/h-x86_64-mingw32/bin/../lib/gcc/nios2-elf/5.3.0/../../../../../H-x86_64-mingw32/nios2-elf/lib\libc.a(lib_a-findfp.o)
 .text.__fp_unlock
                0x0000000000105994        0x8 d:/intel/nios2eds/bin/gnu/h-x86_64-mingw32/bin/../lib/gcc/nios2-elf/5.3.0/../../../../../H-x86_64-mingw32/nios2-elf/lib\libc.a(lib_a-findfp.o)
 .text._cleanup_r
                0x000000000010599c        0xc d:/intel/nios2eds/bin/gnu/h-x86_64-mingw32/bin/../lib/gcc/nios2-elf/5.3.0/../../../../../H-x86_64-mingw32/nios2-elf/lib\libc.a(lib_a-findfp.o)
                0x000000000010599c                _cleanup_r
 .text.__sinit.part.1
                0x00000000001059a8      0x19c d:/intel/nios2eds/bin/gnu/h-x86_64-mingw32/bin/../lib/gcc/nios2-elf/5.3.0/../../../../../H-x86_64-mingw32/nios2-elf/lib\libc.a(lib_a-findfp.o)
 .text.__fp_lock
                0x0000000000105b44        0x8 d:/intel/nios2eds/bin/gnu/h-x86_64-mingw32/bin/../lib/gcc/nios2-elf/5.3.0/../../../../../H-x86_64-mingw32/nios2-elf/lib\libc.a(lib_a-findfp.o)
 .text.__sfmoreglue
                0x0000000000105b4c       0x68 d:/intel/nios2eds/bin/gnu/h-x86_64-mingw32/bin/../lib/gcc/nios2-elf/5.3.0/../../../../../H-x86_64-mingw32/nios2-elf/lib\libc.a(lib_a-findfp.o)
                0x0000000000105b4c                __sfmoreglue
 .text.__sfp    0x0000000000105bb4      0x118 d:/intel/nios2eds/bin/gnu/h-x86_64-mingw32/bin/../lib/gcc/nios2-elf/5.3.0/../../../../../H-x86_64-mingw32/nios2-elf/lib\libc.a(lib_a-findfp.o)
                0x0000000000105bb4                __sfp
 .text._cleanup
                0x0000000000105ccc       0x18 d:/intel/nios2eds/bin/gnu/h-x86_64-mingw32/bin/../lib/gcc/nios2-elf/5.3.0/../../../../../H-x86_64-mingw32/nios2-elf/lib\libc.a(lib_a-findfp.o)
                0x0000000000105ccc                _cleanup
 .text.__sinit  0x0000000000105ce4       0x10 d:/intel/nios2eds/bin/gnu/h-x86_64-mingw32/bin/../lib/gcc/nios2-elf/5.3.0/../../../../../H-x86_64-mingw32/nios2-elf/lib\libc.a(lib_a-findfp.o)
                0x0000000000105ce4                __sinit
 .text.__sfp_lock_acquire
                0x0000000000105cf4        0x4 d:/intel/nios2eds/bin/gnu/h-x86_64-mingw32/bin/../lib/gcc/nios2-elf/5.3.0/../../../../../H-x86_64-mingw32/nios2-elf/lib\libc.a(lib_a-findfp.o)
                0x0000000000105cf4                __sfp_lock_acquire
 .text.__sfp_lock_release
                0x0000000000105cf8        0x4 d:/intel/nios2eds/bin/gnu/h-x86_64-mingw32/bin/../lib/gcc/nios2-elf/5.3.0/../../../../../H-x86_64-mingw32/nios2-elf/lib\libc.a(lib_a-findfp.o)
                0x0000000000105cf8                __sfp_lock_release
 .text.__sinit_lock_acquire
                0x0000000000105cfc        0x4 d:/intel/nios2eds/bin/gnu/h-x86_64-mingw32/bin/../lib/gcc/nios2-elf/5.3.0/../../../../../H-x86_64-mingw32/nios2-elf/lib\libc.a(lib_a-findfp.o)
                0x0000000000105cfc                __sinit_lock_acquire
 .text.__sinit_lock_release
                0x0000000000105d00        0x4 d:/intel/nios2eds/bin/gnu/h-x86_64-mingw32/bin/../lib/gcc/nios2-elf/5.3.0/../../../../../H-x86_64-mingw32/nios2-elf/lib\libc.a(lib_a-findfp.o)
                0x0000000000105d00                __sinit_lock_release
 .text.__fp_lock_all
                0x0000000000105d04       0x18 d:/intel/nios2eds/bin/gnu/h-x86_64-mingw32/bin/../lib/gcc/nios2-elf/5.3.0/../../../../../H-x86_64-mingw32/nios2-elf/lib\libc.a(lib_a-findfp.o)
                0x0000000000105d04                __fp_lock_all
 .text.__fp_unlock_all
                0x0000000000105d1c       0x18 d:/intel/nios2eds/bin/gnu/h-x86_64-mingw32/bin/../lib/gcc/nios2-elf/5.3.0/../../../../../H-x86_64-mingw32/nios2-elf/lib\libc.a(lib_a-findfp.o)
                0x0000000000105d1c                __fp_unlock_all
 .text          0x0000000000105d34        0x0 d:/intel/nios2eds/bin/gnu/h-x86_64-mingw32/bin/../lib/gcc/nios2-elf/5.3.0/../../../../../H-x86_64-mingw32/nios2-elf/lib\libc.a(lib_a-freer.o)
 .text._malloc_trim_r
                0x0000000000105d34      0x124 d:/intel/nios2eds/bin/gnu/h-x86_64-mingw32/bin/../lib/gcc/nios2-elf/5.3.0/../../../../../H-x86_64-mingw32/nios2-elf/lib\libc.a(lib_a-freer.o)
                0x0000000000105d34                _malloc_trim_r
 .text._free_r  0x0000000000105e58      0x310 d:/intel/nios2eds/bin/gnu/h-x86_64-mingw32/bin/../lib/gcc/nios2-elf/5.3.0/../../../../../H-x86_64-mingw32/nios2-elf/lib\libc.a(lib_a-freer.o)
                0x0000000000105e58                _free_r
 .text          0x0000000000106168        0x0 d:/intel/nios2eds/bin/gnu/h-x86_64-mingw32/bin/../lib/gcc/nios2-elf/5.3.0/../../../../../H-x86_64-mingw32/nios2-elf/lib\libc.a(lib_a-fwalk.o)
 .text._fwalk   0x0000000000106168       0xc4 d:/intel/nios2eds/bin/gnu/h-x86_64-mingw32/bin/../lib/gcc/nios2-elf/5.3.0/../../../../../H-x86_64-mingw32/nios2-elf/lib\libc.a(lib_a-fwalk.o)
                0x0000000000106168                _fwalk
 .text._fwalk_reent
                0x000000000010622c       0xc4 d:/intel/nios2eds/bin/gnu/h-x86_64-mingw32/bin/../lib/gcc/nios2-elf/5.3.0/../../../../../H-x86_64-mingw32/nios2-elf/lib\libc.a(lib_a-fwalk.o)
                0x000000000010622c                _fwalk_reent
 .text          0x00000000001062f0        0x0 d:/intel/nios2eds/bin/gnu/h-x86_64-mingw32/bin/../lib/gcc/nios2-elf/5.3.0/../../../../../H-x86_64-mingw32/nios2-elf/lib\libc.a(lib_a-impure.o)
 .text          0x00000000001062f0        0x0 d:/intel/nios2eds/bin/gnu/h-x86_64-mingw32/bin/../lib/gcc/nios2-elf/5.3.0/../../../../../H-x86_64-mingw32/nios2-elf/lib\libc.a(lib_a-locale.o)
 .text._setlocale_r
                0x00000000001062f0       0x7c d:/intel/nios2eds/bin/gnu/h-x86_64-mingw32/bin/../lib/gcc/nios2-elf/5.3.0/../../../../../H-x86_64-mingw32/nios2-elf/lib\libc.a(lib_a-locale.o)
                0x00000000001062f0                _setlocale_r
 .text.__locale_charset
                0x000000000010636c        0xc d:/intel/nios2eds/bin/gnu/h-x86_64-mingw32/bin/../lib/gcc/nios2-elf/5.3.0/../../../../../H-x86_64-mingw32/nios2-elf/lib\libc.a(lib_a-locale.o)
                0x000000000010636c                __locale_charset
 .text.__locale_mb_cur_max
                0x0000000000106378       0x10 d:/intel/nios2eds/bin/gnu/h-x86_64-mingw32/bin/../lib/gcc/nios2-elf/5.3.0/../../../../../H-x86_64-mingw32/nios2-elf/lib\libc.a(lib_a-locale.o)
                0x0000000000106378                __locale_mb_cur_max
 .text.__locale_msgcharset
                0x0000000000106388        0xc d:/intel/nios2eds/bin/gnu/h-x86_64-mingw32/bin/../lib/gcc/nios2-elf/5.3.0/../../../../../H-x86_64-mingw32/nios2-elf/lib\libc.a(lib_a-locale.o)
                0x0000000000106388                __locale_msgcharset
 .text.__locale_cjk_lang
                0x0000000000106394        0x8 d:/intel/nios2eds/bin/gnu/h-x86_64-mingw32/bin/../lib/gcc/nios2-elf/5.3.0/../../../../../H-x86_64-mingw32/nios2-elf/lib\libc.a(lib_a-locale.o)
                0x0000000000106394                __locale_cjk_lang
 .text._localeconv_r
                0x000000000010639c        0xc d:/intel/nios2eds/bin/gnu/h-x86_64-mingw32/bin/../lib/gcc/nios2-elf/5.3.0/../../../../../H-x86_64-mingw32/nios2-elf/lib\libc.a(lib_a-locale.o)
                0x000000000010639c                _localeconv_r
 .text.setlocale
                0x00000000001063a8       0x18 d:/intel/nios2eds/bin/gnu/h-x86_64-mingw32/bin/../lib/gcc/nios2-elf/5.3.0/../../../../../H-x86_64-mingw32/nios2-elf/lib\libc.a(lib_a-locale.o)
                0x00000000001063a8                setlocale
 .text.localeconv
                0x00000000001063c0        0xc d:/intel/nios2eds/bin/gnu/h-x86_64-mingw32/bin/../lib/gcc/nios2-elf/5.3.0/../../../../../H-x86_64-mingw32/nios2-elf/lib\libc.a(lib_a-locale.o)
                0x00000000001063c0                localeconv
 .text          0x00000000001063cc        0x0 d:/intel/nios2eds/bin/gnu/h-x86_64-mingw32/bin/../lib/gcc/nios2-elf/5.3.0/../../../../../H-x86_64-mingw32/nios2-elf/lib\libc.a(lib_a-makebuf.o)
 .text.__smakebuf_r
                0x00000000001063cc      0x1bc d:/intel/nios2eds/bin/gnu/h-x86_64-mingw32/bin/../lib/gcc/nios2-elf/5.3.0/../../../../../H-x86_64-mingw32/nios2-elf/lib\libc.a(lib_a-makebuf.o)
                0x00000000001063cc                __smakebuf_r
 .text          0x0000000000106588        0x0 d:/intel/nios2eds/bin/gnu/h-x86_64-mingw32/bin/../lib/gcc/nios2-elf/5.3.0/../../../../../H-x86_64-mingw32/nios2-elf/lib\libc.a(lib_a-mallocr.o)
 .text._malloc_r
                0x0000000000106588      0x80c d:/intel/nios2eds/bin/gnu/h-x86_64-mingw32/bin/../lib/gcc/nios2-elf/5.3.0/../../../../../H-x86_64-mingw32/nios2-elf/lib\libc.a(lib_a-mallocr.o)
                0x0000000000106588                _malloc_r
 .text          0x0000000000106d94        0x0 d:/intel/nios2eds/bin/gnu/h-x86_64-mingw32/bin/../lib/gcc/nios2-elf/5.3.0/../../../../../H-x86_64-mingw32/nios2-elf/lib\libc.a(lib_a-memchr.o)
 .text.memchr   0x0000000000106d94       0xe4 d:/intel/nios2eds/bin/gnu/h-x86_64-mingw32/bin/../lib/gcc/nios2-elf/5.3.0/../../../../../H-x86_64-mingw32/nios2-elf/lib\libc.a(lib_a-memchr.o)
                0x0000000000106d94                memchr
 .text          0x0000000000106e78        0x0 d:/intel/nios2eds/bin/gnu/h-x86_64-mingw32/bin/../lib/gcc/nios2-elf/5.3.0/../../../../../H-x86_64-mingw32/nios2-elf/lib\libc.a(lib_a-memcpy.o)
 .text.memcpy   0x0000000000106e78      0x148 d:/intel/nios2eds/bin/gnu/h-x86_64-mingw32/bin/../lib/gcc/nios2-elf/5.3.0/../../../../../H-x86_64-mingw32/nios2-elf/lib\libc.a(lib_a-memcpy.o)
                0x0000000000106e78                memcpy
 .text          0x0000000000106fc0        0x0 d:/intel/nios2eds/bin/gnu/h-x86_64-mingw32/bin/../lib/gcc/nios2-elf/5.3.0/../../../../../H-x86_64-mingw32/nios2-elf/lib\libc.a(lib_a-memset.o)
 .text.memset   0x0000000000106fc0      0x128 d:/intel/nios2eds/bin/gnu/h-x86_64-mingw32/bin/../lib/gcc/nios2-elf/5.3.0/../../../../../H-x86_64-mingw32/nios2-elf/lib\libc.a(lib_a-memset.o)
                0x0000000000106fc0                memset
 .text          0x00000000001070e8        0x0 d:/intel/nios2eds/bin/gnu/h-x86_64-mingw32/bin/../lib/gcc/nios2-elf/5.3.0/../../../../../H-x86_64-mingw32/nios2-elf/lib\libc.a(lib_a-mprec.o)
 .text._Balloc  0x00000000001070e8       0xa8 d:/intel/nios2eds/bin/gnu/h-x86_64-mingw32/bin/../lib/gcc/nios2-elf/5.3.0/../../../../../H-x86_64-mingw32/nios2-elf/lib\libc.a(lib_a-mprec.o)
                0x00000000001070e8                _Balloc
 .text._Bfree   0x0000000000107190       0x28 d:/intel/nios2eds/bin/gnu/h-x86_64-mingw32/bin/../lib/gcc/nios2-elf/5.3.0/../../../../../H-x86_64-mingw32/nios2-elf/lib\libc.a(lib_a-mprec.o)
                0x0000000000107190                _Bfree
 .text.__multadd
                0x00000000001071b8      0x120 d:/intel/nios2eds/bin/gnu/h-x86_64-mingw32/bin/../lib/gcc/nios2-elf/5.3.0/../../../../../H-x86_64-mingw32/nios2-elf/lib\libc.a(lib_a-mprec.o)
                0x00000000001071b8                __multadd
 .text.__s2b    0x00000000001072d8      0x104 d:/intel/nios2eds/bin/gnu/h-x86_64-mingw32/bin/../lib/gcc/nios2-elf/5.3.0/../../../../../H-x86_64-mingw32/nios2-elf/lib\libc.a(lib_a-mprec.o)
                0x00000000001072d8                __s2b
 .text.__hi0bits
                0x00000000001073dc       0x68 d:/intel/nios2eds/bin/gnu/h-x86_64-mingw32/bin/../lib/gcc/nios2-elf/5.3.0/../../../../../H-x86_64-mingw32/nios2-elf/lib\libc.a(lib_a-mprec.o)
                0x00000000001073dc                __hi0bits
 .text.__lo0bits
                0x0000000000107444       0xb0 d:/intel/nios2eds/bin/gnu/h-x86_64-mingw32/bin/../lib/gcc/nios2-elf/5.3.0/../../../../../H-x86_64-mingw32/nios2-elf/lib\libc.a(lib_a-mprec.o)
                0x0000000000107444                __lo0bits
 .text.__i2b    0x00000000001074f4       0x3c d:/intel/nios2eds/bin/gnu/h-x86_64-mingw32/bin/../lib/gcc/nios2-elf/5.3.0/../../../../../H-x86_64-mingw32/nios2-elf/lib\libc.a(lib_a-mprec.o)
                0x00000000001074f4                __i2b
 .text.__multiply
                0x0000000000107530      0x1f8 d:/intel/nios2eds/bin/gnu/h-x86_64-mingw32/bin/../lib/gcc/nios2-elf/5.3.0/../../../../../H-x86_64-mingw32/nios2-elf/lib\libc.a(lib_a-mprec.o)
                0x0000000000107530                __multiply
 .text.__pow5mult
                0x0000000000107728      0x140 d:/intel/nios2eds/bin/gnu/h-x86_64-mingw32/bin/../lib/gcc/nios2-elf/5.3.0/../../../../../H-x86_64-mingw32/nios2-elf/lib\libc.a(lib_a-mprec.o)
                0x0000000000107728                __pow5mult
 .text.__lshift
                0x0000000000107868      0x148 d:/intel/nios2eds/bin/gnu/h-x86_64-mingw32/bin/../lib/gcc/nios2-elf/5.3.0/../../../../../H-x86_64-mingw32/nios2-elf/lib\libc.a(lib_a-mprec.o)
                0x0000000000107868                __lshift
 .text.__mcmp   0x00000000001079b0       0x60 d:/intel/nios2eds/bin/gnu/h-x86_64-mingw32/bin/../lib/gcc/nios2-elf/5.3.0/../../../../../H-x86_64-mingw32/nios2-elf/lib\libc.a(lib_a-mprec.o)
                0x00000000001079b0                __mcmp
 .text.__mdiff  0x0000000000107a10      0x1fc d:/intel/nios2eds/bin/gnu/h-x86_64-mingw32/bin/../lib/gcc/nios2-elf/5.3.0/../../../../../H-x86_64-mingw32/nios2-elf/lib\libc.a(lib_a-mprec.o)
                0x0000000000107a10                __mdiff
 .text.__ulp    0x0000000000107c0c       0x64 d:/intel/nios2eds/bin/gnu/h-x86_64-mingw32/bin/../lib/gcc/nios2-elf/5.3.0/../../../../../H-x86_64-mingw32/nios2-elf/lib\libc.a(lib_a-mprec.o)
                0x0000000000107c0c                __ulp
 .text.__b2d    0x0000000000107c70      0x10c d:/intel/nios2eds/bin/gnu/h-x86_64-mingw32/bin/../lib/gcc/nios2-elf/5.3.0/../../../../../H-x86_64-mingw32/nios2-elf/lib\libc.a(lib_a-mprec.o)
                0x0000000000107c70                __b2d
 .text.__d2b    0x0000000000107d7c      0x14c d:/intel/nios2eds/bin/gnu/h-x86_64-mingw32/bin/../lib/gcc/nios2-elf/5.3.0/../../../../../H-x86_64-mingw32/nios2-elf/lib\libc.a(lib_a-mprec.o)
                0x0000000000107d7c                __d2b
 .text.__ratio  0x0000000000107ec8       0xa4 d:/intel/nios2eds/bin/gnu/h-x86_64-mingw32/bin/../lib/gcc/nios2-elf/5.3.0/../../../../../H-x86_64-mingw32/nios2-elf/lib\libc.a(lib_a-mprec.o)
                0x0000000000107ec8                __ratio
 .text._mprec_log10
                0x0000000000107f6c       0x74 d:/intel/nios2eds/bin/gnu/h-x86_64-mingw32/bin/../lib/gcc/nios2-elf/5.3.0/../../../../../H-x86_64-mingw32/nios2-elf/lib\libc.a(lib_a-mprec.o)
                0x0000000000107f6c                _mprec_log10
 .text.__copybits
                0x0000000000107fe0       0x78 d:/intel/nios2eds/bin/gnu/h-x86_64-mingw32/bin/../lib/gcc/nios2-elf/5.3.0/../../../../../H-x86_64-mingw32/nios2-elf/lib\libc.a(lib_a-mprec.o)
                0x0000000000107fe0                __copybits
 .text.__any_on
                0x0000000000108058       0x8c d:/intel/nios2eds/bin/gnu/h-x86_64-mingw32/bin/../lib/gcc/nios2-elf/5.3.0/../../../../../H-x86_64-mingw32/nios2-elf/lib\libc.a(lib_a-mprec.o)
                0x0000000000108058                __any_on
 .text          0x00000000001080e4        0x0 d:/intel/nios2eds/bin/gnu/h-x86_64-mingw32/bin/../lib/gcc/nios2-elf/5.3.0/../../../../../H-x86_64-mingw32/nios2-elf/lib\libc.a(lib_a-s_fpclassify.o)
 .text.__fpclassifyd
                0x00000000001080e4       0x74 d:/intel/nios2eds/bin/gnu/h-x86_64-mingw32/bin/../lib/gcc/nios2-elf/5.3.0/../../../../../H-x86_64-mingw32/nios2-elf/lib\libc.a(lib_a-s_fpclassify.o)
                0x00000000001080e4                __fpclassifyd
 .text          0x0000000000108158        0x0 d:/intel/nios2eds/bin/gnu/h-x86_64-mingw32/bin/../lib/gcc/nios2-elf/5.3.0/../../../../../H-x86_64-mingw32/nios2-elf/lib\libc.a(lib_a-sbrkr.o)
 .text._sbrk_r  0x0000000000108158       0x54 d:/intel/nios2eds/bin/gnu/h-x86_64-mingw32/bin/../lib/gcc/nios2-elf/5.3.0/../../../../../H-x86_64-mingw32/nios2-elf/lib\libc.a(lib_a-sbrkr.o)
                0x0000000000108158                _sbrk_r
 .text          0x00000000001081ac        0x0 d:/intel/nios2eds/bin/gnu/h-x86_64-mingw32/bin/../lib/gcc/nios2-elf/5.3.0/../../../../../H-x86_64-mingw32/nios2-elf/lib\libc.a(lib_a-stdio.o)
 .text.__sread  0x00000000001081ac       0x54 d:/intel/nios2eds/bin/gnu/h-x86_64-mingw32/bin/../lib/gcc/nios2-elf/5.3.0/../../../../../H-x86_64-mingw32/nios2-elf/lib\libc.a(lib_a-stdio.o)
                0x00000000001081ac                __sread
 .text.__seofread
                0x0000000000108200        0x8 d:/intel/nios2eds/bin/gnu/h-x86_64-mingw32/bin/../lib/gcc/nios2-elf/5.3.0/../../../../../H-x86_64-mingw32/nios2-elf/lib\libc.a(lib_a-stdio.o)
                0x0000000000108200                __seofread
 .text.__swrite
                0x0000000000108208       0x7c d:/intel/nios2eds/bin/gnu/h-x86_64-mingw32/bin/../lib/gcc/nios2-elf/5.3.0/../../../../../H-x86_64-mingw32/nios2-elf/lib\libc.a(lib_a-stdio.o)
                0x0000000000108208                __swrite
 .text.__sseek  0x0000000000108284       0x5c d:/intel/nios2eds/bin/gnu/h-x86_64-mingw32/bin/../lib/gcc/nios2-elf/5.3.0/../../../../../H-x86_64-mingw32/nios2-elf/lib\libc.a(lib_a-stdio.o)
                0x0000000000108284                __sseek
 .text.__sclose
                0x00000000001082e0        0x8 d:/intel/nios2eds/bin/gnu/h-x86_64-mingw32/bin/../lib/gcc/nios2-elf/5.3.0/../../../../../H-x86_64-mingw32/nios2-elf/lib\libc.a(lib_a-stdio.o)
                0x00000000001082e0                __sclose
 .text          0x00000000001082e8        0x0 d:/intel/nios2eds/bin/gnu/h-x86_64-mingw32/bin/../lib/gcc/nios2-elf/5.3.0/../../../../../H-x86_64-mingw32/nios2-elf/lib\libc.a(lib_a-strcmp.o)
 .text.strcmp   0x00000000001082e8       0xdc d:/intel/nios2eds/bin/gnu/h-x86_64-mingw32/bin/../lib/gcc/nios2-elf/5.3.0/../../../../../H-x86_64-mingw32/nios2-elf/lib\libc.a(lib_a-strcmp.o)
                0x00000000001082e8                strcmp
 .text          0x00000000001083c4        0x0 d:/intel/nios2eds/bin/gnu/h-x86_64-mingw32/bin/../lib/gcc/nios2-elf/5.3.0/../../../../../H-x86_64-mingw32/nios2-elf/lib\libc.a(lib_a-strlen.o)
 .text.strlen   0x00000000001083c4       0x98 d:/intel/nios2eds/bin/gnu/h-x86_64-mingw32/bin/../lib/gcc/nios2-elf/5.3.0/../../../../../H-x86_64-mingw32/nios2-elf/lib\libc.a(lib_a-strlen.o)
                0x00000000001083c4                strlen
 .text          0x000000000010845c        0x0 d:/intel/nios2eds/bin/gnu/h-x86_64-mingw32/bin/../lib/gcc/nios2-elf/5.3.0/../../../../../H-x86_64-mingw32/nios2-elf/lib\libc.a(lib_a-vfiprintf.o)
 .text.__sprint_r.part.0
                0x000000000010845c       0xfc d:/intel/nios2eds/bin/gnu/h-x86_64-mingw32/bin/../lib/gcc/nios2-elf/5.3.0/../../../../../H-x86_64-mingw32/nios2-elf/lib\libc.a(lib_a-vfiprintf.o)
 .text.__sprint_r
                0x0000000000108558       0x18 d:/intel/nios2eds/bin/gnu/h-x86_64-mingw32/bin/../lib/gcc/nios2-elf/5.3.0/../../../../../H-x86_64-mingw32/nios2-elf/lib\libc.a(lib_a-vfiprintf.o)
                0x0000000000108558                __sprint_r
 .text.___vfiprintf_internal_r
                0x0000000000108570     0x145c d:/intel/nios2eds/bin/gnu/h-x86_64-mingw32/bin/../lib/gcc/nios2-elf/5.3.0/../../../../../H-x86_64-mingw32/nios2-elf/lib\libc.a(lib_a-vfiprintf.o)
                0x0000000000108570                ___vfiprintf_internal_r
 .text.__vfiprintf_internal
                0x00000000001099cc       0x1c d:/intel/nios2eds/bin/gnu/h-x86_64-mingw32/bin/../lib/gcc/nios2-elf/5.3.0/../../../../../H-x86_64-mingw32/nios2-elf/lib\libc.a(lib_a-vfiprintf.o)
                0x00000000001099cc                __vfiprintf_internal
 .text.__sbprintf
                0x00000000001099e8       0xbc d:/intel/nios2eds/bin/gnu/h-x86_64-mingw32/bin/../lib/gcc/nios2-elf/5.3.0/../../../../../H-x86_64-mingw32/nios2-elf/lib\libc.a(lib_a-vfiprintf.o)
 .text          0x0000000000109aa4        0x0 d:/intel/nios2eds/bin/gnu/h-x86_64-mingw32/bin/../lib/gcc/nios2-elf/5.3.0/../../../../../H-x86_64-mingw32/nios2-elf/lib\libc.a(lib_a-writer.o)
 .text._write_r
                0x0000000000109aa4       0x60 d:/intel/nios2eds/bin/gnu/h-x86_64-mingw32/bin/../lib/gcc/nios2-elf/5.3.0/../../../../../H-x86_64-mingw32/nios2-elf/lib\libc.a(lib_a-writer.o)
                0x0000000000109aa4                _write_r
 .text          0x0000000000109b04        0x0 d:/intel/nios2eds/bin/gnu/h-x86_64-mingw32/bin/../lib/gcc/nios2-elf/5.3.0/../../../../../H-x86_64-mingw32/nios2-elf/lib\libc.a(closer.o)
 .text._close_r
                0x0000000000109b04       0x54 d:/intel/nios2eds/bin/gnu/h-x86_64-mingw32/bin/../lib/gcc/nios2-elf/5.3.0/../../../../../H-x86_64-mingw32/nios2-elf/lib\libc.a(closer.o)
                0x0000000000109b04                _close_r
 .text          0x0000000000109b58        0x0 d:/intel/nios2eds/bin/gnu/h-x86_64-mingw32/bin/../lib/gcc/nios2-elf/5.3.0/../../../../../H-x86_64-mingw32/nios2-elf/lib\libc.a(lib_a-callocr.o)
 .text._calloc_r
                0x0000000000109b58       0xc4 d:/intel/nios2eds/bin/gnu/h-x86_64-mingw32/bin/../lib/gcc/nios2-elf/5.3.0/../../../../../H-x86_64-mingw32/nios2-elf/lib\libc.a(lib_a-callocr.o)
                0x0000000000109b58                _calloc_r
 .text          0x0000000000109c1c        0x0 d:/intel/nios2eds/bin/gnu/h-x86_64-mingw32/bin/../lib/gcc/nios2-elf/5.3.0/../../../../../H-x86_64-mingw32/nios2-elf/lib\libc.a(lib_a-fclose.o)
 .text._fclose_r
                0x0000000000109c1c       0xf0 d:/intel/nios2eds/bin/gnu/h-x86_64-mingw32/bin/../lib/gcc/nios2-elf/5.3.0/../../../../../H-x86_64-mingw32/nios2-elf/lib\libc.a(lib_a-fclose.o)
                0x0000000000109c1c                _fclose_r
 .text.fclose   0x0000000000109d0c       0x14 d:/intel/nios2eds/bin/gnu/h-x86_64-mingw32/bin/../lib/gcc/nios2-elf/5.3.0/../../../../../H-x86_64-mingw32/nios2-elf/lib\libc.a(lib_a-fclose.o)
                0x0000000000109d0c                fclose
 .text          0x0000000000109d20        0x0 d:/intel/nios2eds/bin/gnu/h-x86_64-mingw32/bin/../lib/gcc/nios2-elf/5.3.0/../../../../../H-x86_64-mingw32/nios2-elf/lib\libc.a(lib_a-fputwc.o)
 .text.__fputwc
                0x0000000000109d20      0x164 d:/intel/nios2eds/bin/gnu/h-x86_64-mingw32/bin/../lib/gcc/nios2-elf/5.3.0/../../../../../H-x86_64-mingw32/nios2-elf/lib\libc.a(lib_a-fputwc.o)
                0x0000000000109d20                __fputwc
 .text._fputwc_r
                0x0000000000109e84       0x24 d:/intel/nios2eds/bin/gnu/h-x86_64-mingw32/bin/../lib/gcc/nios2-elf/5.3.0/../../../../../H-x86_64-mingw32/nios2-elf/lib\libc.a(lib_a-fputwc.o)
                0x0000000000109e84                _fputwc_r
 .text.fputwc   0x0000000000109ea8       0x80 d:/intel/nios2eds/bin/gnu/h-x86_64-mingw32/bin/../lib/gcc/nios2-elf/5.3.0/../../../../../H-x86_64-mingw32/nios2-elf/lib\libc.a(lib_a-fputwc.o)
                0x0000000000109ea8                fputwc
 .text          0x0000000000109f28        0x0 d:/intel/nios2eds/bin/gnu/h-x86_64-mingw32/bin/../lib/gcc/nios2-elf/5.3.0/../../../../../H-x86_64-mingw32/nios2-elf/lib\libc.a(lib_a-fstatr.o)
 .text._fstat_r
                0x0000000000109f28       0x5c d:/intel/nios2eds/bin/gnu/h-x86_64-mingw32/bin/../lib/gcc/nios2-elf/5.3.0/../../../../../H-x86_64-mingw32/nios2-elf/lib\libc.a(lib_a-fstatr.o)
                0x0000000000109f28                _fstat_r
 .text          0x0000000000109f84        0x0 d:/intel/nios2eds/bin/gnu/h-x86_64-mingw32/bin/../lib/gcc/nios2-elf/5.3.0/../../../../../H-x86_64-mingw32/nios2-elf/lib\libc.a(lib_a-fvwrite.o)
 .text.__sfvwrite_r
                0x0000000000109f84      0x4bc d:/intel/nios2eds/bin/gnu/h-x86_64-mingw32/bin/../lib/gcc/nios2-elf/5.3.0/../../../../../H-x86_64-mingw32/nios2-elf/lib\libc.a(lib_a-fvwrite.o)
                0x0000000000109f84                __sfvwrite_r
 .text          0x000000000010a440        0x0 d:/intel/nios2eds/bin/gnu/h-x86_64-mingw32/bin/../lib/gcc/nios2-elf/5.3.0/../../../../../H-x86_64-mingw32/nios2-elf/lib\libc.a(lib_a-int_errno.o)
 .text          0x000000000010a440        0x0 d:/intel/nios2eds/bin/gnu/h-x86_64-mingw32/bin/../lib/gcc/nios2-elf/5.3.0/../../../../../H-x86_64-mingw32/nios2-elf/lib\libc.a(lib_a-isattyr.o)
 .text._isatty_r
                0x000000000010a440       0x54 d:/intel/nios2eds/bin/gnu/h-x86_64-mingw32/bin/../lib/gcc/nios2-elf/5.3.0/../../../../../H-x86_64-mingw32/nios2-elf/lib\libc.a(lib_a-isattyr.o)
                0x000000000010a440                _isatty_r
 .text          0x000000000010a494        0x0 d:/intel/nios2eds/bin/gnu/h-x86_64-mingw32/bin/../lib/gcc/nios2-elf/5.3.0/../../../../../H-x86_64-mingw32/nios2-elf/lib\libc.a(lib_a-lseekr.o)
 .text._lseek_r
                0x000000000010a494       0x60 d:/intel/nios2eds/bin/gnu/h-x86_64-mingw32/bin/../lib/gcc/nios2-elf/5.3.0/../../../../../H-x86_64-mingw32/nios2-elf/lib\libc.a(lib_a-lseekr.o)
                0x000000000010a494                _lseek_r
 .text          0x000000000010a4f4        0x0 d:/intel/nios2eds/bin/gnu/h-x86_64-mingw32/bin/../lib/gcc/nios2-elf/5.3.0/../../../../../H-x86_64-mingw32/nios2-elf/lib\libc.a(lib_a-memmove.o)
 .text.memmove  0x000000000010a4f4      0x15c d:/intel/nios2eds/bin/gnu/h-x86_64-mingw32/bin/../lib/gcc/nios2-elf/5.3.0/../../../../../H-x86_64-mingw32/nios2-elf/lib\libc.a(lib_a-memmove.o)
                0x000000000010a4f4                memmove
 .text          0x000000000010a650        0x0 d:/intel/nios2eds/bin/gnu/h-x86_64-mingw32/bin/../lib/gcc/nios2-elf/5.3.0/../../../../../H-x86_64-mingw32/nios2-elf/lib\libc.a(lib_a-readr.o)
 .text._read_r  0x000000000010a650       0x60 d:/intel/nios2eds/bin/gnu/h-x86_64-mingw32/bin/../lib/gcc/nios2-elf/5.3.0/../../../../../H-x86_64-mingw32/nios2-elf/lib\libc.a(lib_a-readr.o)
                0x000000000010a650                _read_r
 .text          0x000000000010a6b0        0x0 d:/intel/nios2eds/bin/gnu/h-x86_64-mingw32/bin/../lib/gcc/nios2-elf/5.3.0/../../../../../H-x86_64-mingw32/nios2-elf/lib\libc.a(lib_a-reallocr.o)
 .text._realloc_r
                0x000000000010a6b0      0x564 d:/intel/nios2eds/bin/gnu/h-x86_64-mingw32/bin/../lib/gcc/nios2-elf/5.3.0/../../../../../H-x86_64-mingw32/nios2-elf/lib\libc.a(lib_a-reallocr.o)
                0x000000000010a6b0                _realloc_r
 .text          0x000000000010ac14        0x0 d:/intel/nios2eds/bin/gnu/h-x86_64-mingw32/bin/../lib/gcc/nios2-elf/5.3.0/../../../../../H-x86_64-mingw32/nios2-elf/lib\libc.a(lib_a-wbuf.o)
 .text.__swbuf_r
                0x000000000010ac14      0x140 d:/intel/nios2eds/bin/gnu/h-x86_64-mingw32/bin/../lib/gcc/nios2-elf/5.3.0/../../../../../H-x86_64-mingw32/nios2-elf/lib\libc.a(lib_a-wbuf.o)
                0x000000000010ac14                __swbuf_r
 .text.__swbuf  0x000000000010ad54       0x18 d:/intel/nios2eds/bin/gnu/h-x86_64-mingw32/bin/../lib/gcc/nios2-elf/5.3.0/../../../../../H-x86_64-mingw32/nios2-elf/lib\libc.a(lib_a-wbuf.o)
                0x000000000010ad54                __swbuf
 .text          0x000000000010ad6c        0x0 d:/intel/nios2eds/bin/gnu/h-x86_64-mingw32/bin/../lib/gcc/nios2-elf/5.3.0/../../../../../H-x86_64-mingw32/nios2-elf/lib\libc.a(lib_a-wcrtomb.o)
 .text._wcrtomb_r
                0x000000000010ad6c       0x9c d:/intel/nios2eds/bin/gnu/h-x86_64-mingw32/bin/../lib/gcc/nios2-elf/5.3.0/../../../../../H-x86_64-mingw32/nios2-elf/lib\libc.a(lib_a-wcrtomb.o)
                0x000000000010ad6c                _wcrtomb_r
 .text.wcrtomb  0x000000000010ae08       0xc0 d:/intel/nios2eds/bin/gnu/h-x86_64-mingw32/bin/../lib/gcc/nios2-elf/5.3.0/../../../../../H-x86_64-mingw32/nios2-elf/lib\libc.a(lib_a-wcrtomb.o)
                0x000000000010ae08                wcrtomb
 .text          0x000000000010aec8        0x0 d:/intel/nios2eds/bin/gnu/h-x86_64-mingw32/bin/../lib/gcc/nios2-elf/5.3.0/../../../../../H-x86_64-mingw32/nios2-elf/lib\libc.a(lib_a-wctomb_r.o)
 .text.__ascii_wctomb
                0x000000000010aec8       0x30 d:/intel/nios2eds/bin/gnu/h-x86_64-mingw32/bin/../lib/gcc/nios2-elf/5.3.0/../../../../../H-x86_64-mingw32/nios2-elf/lib\libc.a(lib_a-wctomb_r.o)
                0x000000000010aec8                __ascii_wctomb
 .text._wctomb_r
                0x000000000010aef8       0x5c d:/intel/nios2eds/bin/gnu/h-x86_64-mingw32/bin/../lib/gcc/nios2-elf/5.3.0/../../../../../H-x86_64-mingw32/nios2-elf/lib\libc.a(lib_a-wctomb_r.o)
                0x000000000010aef8                _wctomb_r
 .text          0x000000000010af54      0x578 d:/intel/nios2eds/bin/gnu/h-x86_64-mingw32/bin/../lib/gcc/nios2-elf/5.3.0\libgcc.a(_udivdi3.o)
                0x000000000010af54                __udivdi3
 .text          0x000000000010b4cc      0x538 d:/intel/nios2eds/bin/gnu/h-x86_64-mingw32/bin/../lib/gcc/nios2-elf/5.3.0\libgcc.a(_umoddi3.o)
                0x000000000010b4cc                __umoddi3
 .text          0x000000000010ba04      0x8ac d:/intel/nios2eds/bin/gnu/h-x86_64-mingw32/bin/../lib/gcc/nios2-elf/5.3.0\libgcc.a(adddf3.o)
                0x000000000010ba04                __adddf3
 .text          0x000000000010c2b0      0x8e8 d:/intel/nios2eds/bin/gnu/h-x86_64-mingw32/bin/../lib/gcc/nios2-elf/5.3.0\libgcc.a(divdf3.o)
                0x000000000010c2b0                __divdf3
 .text          0x000000000010cb98       0x88 d:/intel/nios2eds/bin/gnu/h-x86_64-mingw32/bin/../lib/gcc/nios2-elf/5.3.0\libgcc.a(eqdf2.o)
                0x000000000010cb98                __nedf2
                0x000000000010cb98                __eqdf2
 .text          0x000000000010cc20       0xdc d:/intel/nios2eds/bin/gnu/h-x86_64-mingw32/bin/../lib/gcc/nios2-elf/5.3.0\libgcc.a(gedf2.o)
                0x000000000010cc20                __gedf2
                0x000000000010cc20                __gtdf2
 .text          0x000000000010ccfc       0xf4 d:/intel/nios2eds/bin/gnu/h-x86_64-mingw32/bin/../lib/gcc/nios2-elf/5.3.0\libgcc.a(ledf2.o)
                0x000000000010ccfc                __ledf2
                0x000000000010ccfc                __ltdf2
 .text          0x000000000010cdf0      0x718 d:/intel/nios2eds/bin/gnu/h-x86_64-mingw32/bin/../lib/gcc/nios2-elf/5.3.0\libgcc.a(muldf3.o)
                0x000000000010cdf0                __muldf3
 .text          0x000000000010d508      0x8fc d:/intel/nios2eds/bin/gnu/h-x86_64-mingw32/bin/../lib/gcc/nios2-elf/5.3.0\libgcc.a(subdf3.o)
                0x000000000010d508                __subdf3
 .text          0x000000000010de04       0x80 d:/intel/nios2eds/bin/gnu/h-x86_64-mingw32/bin/../lib/gcc/nios2-elf/5.3.0\libgcc.a(fixdfsi.o)
                0x000000000010de04                __fixdfsi
 .text          0x000000000010de84       0xdc d:/intel/nios2eds/bin/gnu/h-x86_64-mingw32/bin/../lib/gcc/nios2-elf/5.3.0\libgcc.a(floatsidf.o)
                0x000000000010de84                __floatsidf
 .text          0x000000000010df60       0xa8 d:/intel/nios2eds/bin/gnu/h-x86_64-mingw32/bin/../lib/gcc/nios2-elf/5.3.0\libgcc.a(floatunsidf.o)
                0x000000000010df60                __floatunsidf
 .text          0x000000000010e008      0x10c ../bioleg_bsp/\libhal_bsp.a(alt_close.o)
                0x000000000010e044                close
 .text          0x000000000010e114       0x2c ../bioleg_bsp/\libhal_bsp.a(alt_dev.o)
 .text          0x000000000010e140        0x0 ../bioleg_bsp/\libhal_bsp.a(alt_errno.o)
 .text          0x000000000010e140       0xec ../bioleg_bsp/\libhal_bsp.a(alt_fstat.o)
                0x000000000010e17c                fstat
 .text          0x000000000010e22c       0xe0 ../bioleg_bsp/\libhal_bsp.a(alt_isatty.o)
                0x000000000010e268                isatty
 .text          0x000000000010e30c       0xec ../bioleg_bsp/\libhal_bsp.a(alt_load.o)
                0x000000000010e374                alt_load
 .text          0x000000000010e3f8      0x110 ../bioleg_bsp/\libhal_bsp.a(alt_lseek.o)
                0x000000000010e434                lseek
 .text          0x000000000010e508       0x7c ../bioleg_bsp/\libhal_bsp.a(alt_main.o)
                0x000000000010e508                alt_main
 .text          0x000000000010e584       0x48 ../bioleg_bsp/\libhal_bsp.a(alt_malloc_lock.o)
                0x000000000010e584                __malloc_lock
                0x000000000010e5a8                __malloc_unlock
 .text          0x000000000010e5cc      0x138 ../bioleg_bsp/\libhal_bsp.a(alt_read.o)
                0x000000000010e608                read
 .text          0x000000000010e704       0x64 ../bioleg_bsp/\libhal_bsp.a(alt_release_fd.o)
                0x000000000010e704                alt_release_fd
 .text          0x000000000010e768       0xb0 ../bioleg_bsp/\libhal_bsp.a(alt_sbrk.o)
                0x000000000010e768                sbrk
 .text          0x000000000010e818       0x30 ../bioleg_bsp/\libhal_bsp.a(alt_usleep.o)
                0x000000000010e818                usleep
 .text          0x000000000010e848      0x134 ../bioleg_bsp/\libhal_bsp.a(alt_write.o)
                0x000000000010e884                write
 .text          0x000000000010e97c       0xb8 ../bioleg_bsp/\libhal_bsp.a(alt_sys_init.o)
                0x000000000010e9b0                alt_irq_init
                0x000000000010e9e8                alt_sys_init
 .text          0x000000000010ea34      0x110 ../bioleg_bsp/\libhal_bsp.a(altera_avalon_uart_fd.o)
                0x000000000010ea34                altera_avalon_uart_read_fd
                0x000000000010ea94                altera_avalon_uart_write_fd
                0x000000000010eaf4                altera_avalon_uart_close_fd
 .text          0x000000000010eb44      0x3c8 ../bioleg_bsp/\libhal_bsp.a(altera_avalon_uart_init.o)
                0x000000000010eb44                altera_avalon_uart_init
                0x000000000010eeb8                altera_avalon_uart_close
 .text          0x000000000010ef0c      0x218 ../bioleg_bsp/\libhal_bsp.a(altera_avalon_uart_read.o)
                0x000000000010ef48                altera_avalon_uart_read
 .text          0x000000000010f124      0x1e8 ../bioleg_bsp/\libhal_bsp.a(altera_avalon_uart_write.o)
                0x000000000010f160                altera_avalon_uart_write
 .text          0x000000000010f30c      0x158 ../bioleg_bsp/\libhal_bsp.a(alt_busy_sleep.o)
                0x000000000010f30c                alt_busy_sleep
 .text          0x000000000010f464       0x48 ../bioleg_bsp/\libhal_bsp.a(alt_dcache_flush_all.o)
                0x000000000010f464                alt_dcache_flush_all
 .text          0x000000000010f4ac       0xe0 ../bioleg_bsp/\libhal_bsp.a(alt_dev_llist_insert.o)
                0x000000000010f4e8                alt_dev_llist_insert
 .text          0x000000000010f58c       0x60 ../bioleg_bsp/\libhal_bsp.a(alt_do_ctors.o)
                0x000000000010f58c                _do_ctors
 .text          0x000000000010f5ec       0x60 ../bioleg_bsp/\libhal_bsp.a(alt_do_dtors.o)
                0x000000000010f5ec                _do_dtors
 .text          0x000000000010f64c       0x34 ../bioleg_bsp/\libhal_bsp.a(alt_icache_flush_all.o)
                0x000000000010f64c                alt_icache_flush_all
 .text          0x000000000010f680      0x1b0 ../bioleg_bsp/\libhal_bsp.a(alt_iic.o)
                0x000000000010f680                alt_ic_isr_register
                0x000000000010f6d0                alt_ic_irq_enable
                0x000000000010f758                alt_ic_irq_disable
                0x000000000010f7e4                alt_ic_irq_enabled
 .text          0x000000000010f830       0xf0 ../bioleg_bsp/\libhal_bsp.a(alt_iic_isr_register.o)
                0x000000000010f830                alt_iic_isr_register
 .text          0x000000000010f920      0x140 ../bioleg_bsp/\libhal_bsp.a(alt_io_redirect.o)
                0x000000000010f9e4                alt_io_redirect
 .text          0x000000000010fa60        0x0 ../bioleg_bsp/\libhal_bsp.a(alt_irq_entry.o)
 .text          0x000000000010fa60        0x0 ../bioleg_bsp/\libhal_bsp.a(alt_irq_handler.o)
 .text          0x000000000010fa60        0x0 ../bioleg_bsp/\libhal_bsp.a(alt_irq_vars.o)
 .text          0x000000000010fa60      0x254 ../bioleg_bsp/\libhal_bsp.a(alt_open.o)
                0x000000000010fb60                open
 .text          0x000000000010fcb4       0x24 ../bioleg_bsp/\libhal_bsp.a(altera_nios2_gen2_irq.o)
                0x000000000010fcb4                altera_nios2_gen2_irq_init
 .text          0x000000000010fcd8        0x0 ../bioleg_bsp/\libhal_bsp.a(alt_exception_entry.o)
 .text          0x000000000010fcd8       0x90 ../bioleg_bsp/\libhal_bsp.a(alt_find_dev.o)
                0x000000000010fcd8                alt_find_dev
 .text          0x000000000010fd68      0x108 ../bioleg_bsp/\libhal_bsp.a(alt_find_file.o)
                0x000000000010fd68                alt_find_file
 .text          0x000000000010fe70       0xa4 ../bioleg_bsp/\libhal_bsp.a(alt_get_fd.o)
                0x000000000010fe70                alt_get_fd
 .text          0x000000000010ff14       0x90 ../bioleg_bsp/\libhal_bsp.a(alt_icache_flush.o)
                0x000000000010ff14                alt_icache_flush
 .text          0x000000000010ffa4       0x9c ../bioleg_bsp/\libhal_bsp.a(alt_instruction_exception_entry.o)
                0x000000000010ffa4                alt_exception_cause_generated_bad_addr
 .text          0x0000000000110040        0x0 d:/intel/nios2eds/bin/gnu/h-x86_64-mingw32/bin/../lib/gcc/nios2-elf/5.3.0/../../../../../H-x86_64-mingw32/nios2-elf/lib\libc.a(lib_a-atexit.o)
 .text.atexit   0x0000000000110040       0x14 d:/intel/nios2eds/bin/gnu/h-x86_64-mingw32/bin/../lib/gcc/nios2-elf/5.3.0/../../../../../H-x86_64-mingw32/nios2-elf/lib\libc.a(lib_a-atexit.o)
                0x0000000000110040                atexit
 .text          0x0000000000110054        0x0 d:/intel/nios2eds/bin/gnu/h-x86_64-mingw32/bin/../lib/gcc/nios2-elf/5.3.0/../../../../../H-x86_64-mingw32/nios2-elf/lib\libc.a(lib_a-exit.o)
 .text.exit     0x0000000000110054       0x38 d:/intel/nios2eds/bin/gnu/h-x86_64-mingw32/bin/../lib/gcc/nios2-elf/5.3.0/../../../../../H-x86_64-mingw32/nios2-elf/lib\libc.a(lib_a-exit.o)
                0x0000000000110054                exit
 .text          0x000000000011008c        0x0 d:/intel/nios2eds/bin/gnu/h-x86_64-mingw32/bin/../lib/gcc/nios2-elf/5.3.0/../../../../../H-x86_64-mingw32/nios2-elf/lib\libc.a(lib_a-memcmp.o)
 .text.memcmp   0x000000000011008c       0x7c d:/intel/nios2eds/bin/gnu/h-x86_64-mingw32/bin/../lib/gcc/nios2-elf/5.3.0/../../../../../H-x86_64-mingw32/nios2-elf/lib\libc.a(lib_a-memcmp.o)
                0x000000000011008c                memcmp
 .text          0x0000000000110108        0x0 d:/intel/nios2eds/bin/gnu/h-x86_64-mingw32/bin/../lib/gcc/nios2-elf/5.3.0/../../../../../H-x86_64-mingw32/nios2-elf/lib\libc.a(lib_a-__atexit.o)
 .text.__register_exitproc
                0x0000000000110108      0x118 d:/intel/nios2eds/bin/gnu/h-x86_64-mingw32/bin/../lib/gcc/nios2-elf/5.3.0/../../../../../H-x86_64-mingw32/nios2-elf/lib\libc.a(lib_a-__atexit.o)
                0x0000000000110108                __register_exitproc
 .text          0x0000000000110220        0x0 d:/intel/nios2eds/bin/gnu/h-x86_64-mingw32/bin/../lib/gcc/nios2-elf/5.3.0/../../../../../H-x86_64-mingw32/nios2-elf/lib\libc.a(lib_a-__call_atexit.o)
 .text.__call_exitprocs
                0x0000000000110220      0x180 d:/intel/nios2eds/bin/gnu/h-x86_64-mingw32/bin/../lib/gcc/nios2-elf/5.3.0/../../../../../H-x86_64-mingw32/nios2-elf/lib\libc.a(lib_a-__call_atexit.o)
                0x0000000000110220                __call_exitprocs
 .text          0x00000000001103a0       0x34 ../bioleg_bsp/\libhal_bsp.a(alt_exit.o)
                0x00000000001103a0                _exit
 *(.gnu.warning.*)
 *(.fini)
                [!provide]                        PROVIDE (__etext, ABSOLUTE (.))
                [!provide]                        PROVIDE (_etext, ABSOLUTE (.))
                [!provide]                        PROVIDE (etext, ABSOLUTE (.))
 *(.eh_frame_hdr)
                0x00000000001103d4                . = ALIGN (0x4)
                [!provide]                        PROVIDE (__preinit_array_start, ABSOLUTE (.))
 *(.preinit_array)
                [!provide]                        PROVIDE (__preinit_array_end, ABSOLUTE (.))
                [!provide]                        PROVIDE (__init_array_start, ABSOLUTE (.))
 *(.init_array)
                [!provide]                        PROVIDE (__init_array_end, ABSOLUTE (.))
                [!provide]                        PROVIDE (__fini_array_start, ABSOLUTE (.))
 *(.fini_array)
                [!provide]                        PROVIDE (__fini_array_end, ABSOLUTE (.))
 *(.eh_frame)
 *(.gcc_except_table .gcc_except_table.*)
 *(.dynamic)
                0x00000000001103d4                PROVIDE (__CTOR_LIST__, ABSOLUTE (.))
 *(.ctors)
 *(SORT(.ctors.*))
                0x00000000001103d4                PROVIDE (__CTOR_END__, ABSOLUTE (.))
                0x00000000001103d4                PROVIDE (__DTOR_LIST__, ABSOLUTE (.))
 *(.dtors)
 *(SORT(.dtors.*))
                0x00000000001103d4                PROVIDE (__DTOR_END__, ABSOLUTE (.))
 *(.jcr)
                0x00000000001103d4                . = ALIGN (0x4)

.rodata         0x00000000001103d4      0x2f0
                0x00000000001103d4                PROVIDE (__ram_rodata_start, ABSOLUTE (.))
                0x00000000001103d4                . = ALIGN (0x4)
 *(.rodata .rodata.* .gnu.linkonce.r.*)
 .rodata        0x00000000001103d4        0x4 obj/default/hello_world.o
 .rodata        0x00000000001103d8      0x100 d:/intel/nios2eds/bin/gnu/h-x86_64-mingw32/bin/../lib/gcc/nios2-elf/5.3.0\libgcc.a(_clz.o)
                0x00000000001103d8                __clz_tab
 .rodata.str1.4
                0x00000000001104d8       0x42 d:/intel/nios2eds/bin/gnu/h-x86_64-mingw32/bin/../lib/gcc/nios2-elf/5.3.0/../../../../../H-x86_64-mingw32/nios2-elf/lib\libc.a(lib_a-vfprintf.o)
 .rodata.zeroes.4404
                0x000000000011051a       0x10 d:/intel/nios2eds/bin/gnu/h-x86_64-mingw32/bin/../lib/gcc/nios2-elf/5.3.0/../../../../../H-x86_64-mingw32/nios2-elf/lib\libc.a(lib_a-vfprintf.o)
 .rodata.blanks.4403
                0x000000000011052a       0x10 d:/intel/nios2eds/bin/gnu/h-x86_64-mingw32/bin/../lib/gcc/nios2-elf/5.3.0/../../../../../H-x86_64-mingw32/nios2-elf/lib\libc.a(lib_a-vfprintf.o)
 *fill*         0x000000000011053a        0x2 
 .rodata.str1.4
                0x000000000011053c       0x10 d:/intel/nios2eds/bin/gnu/h-x86_64-mingw32/bin/../lib/gcc/nios2-elf/5.3.0/../../../../../H-x86_64-mingw32/nios2-elf/lib\libc.a(lib_a-dtoa.o)
                                         0x12 (size before relaxing)
 .rodata.str1.4
                0x000000000011054c        0x2 d:/intel/nios2eds/bin/gnu/h-x86_64-mingw32/bin/../lib/gcc/nios2-elf/5.3.0/../../../../../H-x86_64-mingw32/nios2-elf/lib\libc.a(lib_a-impure.o)
 *fill*         0x000000000011054e        0x2 
 .rodata.str1.4
                0x0000000000110550        0xc d:/intel/nios2eds/bin/gnu/h-x86_64-mingw32/bin/../lib/gcc/nios2-elf/5.3.0/../../../../../H-x86_64-mingw32/nios2-elf/lib\libc.a(lib_a-locale.o)
                                         0x12 (size before relaxing)
 .rodata.p05.2768
                0x000000000011055c        0xc d:/intel/nios2eds/bin/gnu/h-x86_64-mingw32/bin/../lib/gcc/nios2-elf/5.3.0/../../../../../H-x86_64-mingw32/nios2-elf/lib\libc.a(lib_a-mprec.o)
 .rodata.__mprec_tinytens
                0x0000000000110568       0x28 d:/intel/nios2eds/bin/gnu/h-x86_64-mingw32/bin/../lib/gcc/nios2-elf/5.3.0/../../../../../H-x86_64-mingw32/nios2-elf/lib\libc.a(lib_a-mprec.o)
                0x0000000000110568                __mprec_tinytens
 .rodata.__mprec_bigtens
                0x0000000000110590       0x28 d:/intel/nios2eds/bin/gnu/h-x86_64-mingw32/bin/../lib/gcc/nios2-elf/5.3.0/../../../../../H-x86_64-mingw32/nios2-elf/lib\libc.a(lib_a-mprec.o)
                0x0000000000110590                __mprec_bigtens
 .rodata.__mprec_tens
                0x00000000001105b8       0xc8 d:/intel/nios2eds/bin/gnu/h-x86_64-mingw32/bin/../lib/gcc/nios2-elf/5.3.0/../../../../../H-x86_64-mingw32/nios2-elf/lib\libc.a(lib_a-mprec.o)
                0x00000000001105b8                __mprec_tens
 .rodata.str1.4
                0x0000000000110680       0x2f d:/intel/nios2eds/bin/gnu/h-x86_64-mingw32/bin/../lib/gcc/nios2-elf/5.3.0/../../../../../H-x86_64-mingw32/nios2-elf/lib\libc.a(lib_a-vfiprintf.o)
 .rodata.zeroes.4349
                0x0000000000110680       0x10 d:/intel/nios2eds/bin/gnu/h-x86_64-mingw32/bin/../lib/gcc/nios2-elf/5.3.0/../../../../../H-x86_64-mingw32/nios2-elf/lib\libc.a(lib_a-vfiprintf.o)
 .rodata.blanks.4348
                0x0000000000110690       0x10 d:/intel/nios2eds/bin/gnu/h-x86_64-mingw32/bin/../lib/gcc/nios2-elf/5.3.0/../../../../../H-x86_64-mingw32/nios2-elf/lib\libc.a(lib_a-vfiprintf.o)
 .rodata        0x00000000001106a0        0xa ../bioleg_bsp/\libhal_bsp.a(alt_dev.o)
 *fill*         0x00000000001106aa        0x2 
 .rodata        0x00000000001106ac        0xc ../bioleg_bsp/\libhal_bsp.a(alt_main.o)
 .rodata        0x00000000001106b8        0xc ../bioleg_bsp/\libhal_bsp.a(alt_sys_init.o)
 *(.rodata1)
                0x00000000001106c4                . = ALIGN (0x4)
                0x00000000001106c4                PROVIDE (__ram_rodata_end, ABSOLUTE (.))
                0x00000000001103d4                PROVIDE (__flash_rodata_start, LOADADDR (.rodata))

.rwdata         0x00000000001106c4     0x1020 load address 0x00000000001116e4
                0x00000000001106c4                PROVIDE (__ram_rwdata_start, ABSOLUTE (.))
                0x00000000001106c4                . = ALIGN (0x4)
 *(.got.plt)
 *(.got)
 *(.data1)
 *(.data .data.* .gnu.linkonce.d.*)
 .data          0x00000000001106c4        0x0 ../bioleg_bsp//obj/HAL/src/crt0.o
 .data          0x00000000001106c4      0x4d8 obj/default/hello_world.o
                0x00000000001106c4                hip
                0x0000000000110854                knee
                0x00000000001109e4                ankle
                0x0000000000110b74                sf
                0x0000000000110b88                sb
 .data          0x0000000000110b9c        0x0 d:/intel/nios2eds/bin/gnu/h-x86_64-mingw32/bin/../lib/gcc/nios2-elf/5.3.0\libgcc.a(lib2-divmod.o)
 .data          0x0000000000110b9c        0x0 d:/intel/nios2eds/bin/gnu/h-x86_64-mingw32/bin/../lib/gcc/nios2-elf/5.3.0\libgcc.a(divsf3.o)
 .data          0x0000000000110b9c        0x0 d:/intel/nios2eds/bin/gnu/h-x86_64-mingw32/bin/../lib/gcc/nios2-elf/5.3.0\libgcc.a(mulsf3.o)
 .data          0x0000000000110b9c        0x0 d:/intel/nios2eds/bin/gnu/h-x86_64-mingw32/bin/../lib/gcc/nios2-elf/5.3.0\libgcc.a(fixsfsi.o)
 .data          0x0000000000110b9c        0x0 d:/intel/nios2eds/bin/gnu/h-x86_64-mingw32/bin/../lib/gcc/nios2-elf/5.3.0\libgcc.a(floatsisf.o)
 .data          0x0000000000110b9c        0x0 d:/intel/nios2eds/bin/gnu/h-x86_64-mingw32/bin/../lib/gcc/nios2-elf/5.3.0\libgcc.a(_clzsi2.o)
 .data          0x0000000000110b9c        0x0 d:/intel/nios2eds/bin/gnu/h-x86_64-mingw32/bin/../lib/gcc/nios2-elf/5.3.0\libgcc.a(_clz.o)
 .data          0x0000000000110b9c        0x0 d:/intel/nios2eds/bin/gnu/h-x86_64-mingw32/bin/../lib/gcc/nios2-elf/5.3.0/../../../../../H-x86_64-mingw32/nios2-elf/lib\libc.a(lib_a-printf.o)
 .data          0x0000000000110b9c        0x0 d:/intel/nios2eds/bin/gnu/h-x86_64-mingw32/bin/../lib/gcc/nios2-elf/5.3.0/../../../../../H-x86_64-mingw32/nios2-elf/lib\libc.a(lib_a-vfprintf.o)
 .data          0x0000000000110b9c        0x0 d:/intel/nios2eds/bin/gnu/h-x86_64-mingw32/bin/../lib/gcc/nios2-elf/5.3.0/../../../../../H-x86_64-mingw32/nios2-elf/lib\libc.a(lib_a-wsetup.o)
 .data          0x0000000000110b9c        0x0 d:/intel/nios2eds/bin/gnu/h-x86_64-mingw32/bin/../lib/gcc/nios2-elf/5.3.0/../../../../../H-x86_64-mingw32/nios2-elf/lib\libc.a(lib_a-dtoa.o)
 .data          0x0000000000110b9c        0x0 d:/intel/nios2eds/bin/gnu/h-x86_64-mingw32/bin/../lib/gcc/nios2-elf/5.3.0/../../../../../H-x86_64-mingw32/nios2-elf/lib\libc.a(lib_a-fflush.o)
 .data          0x0000000000110b9c        0x0 d:/intel/nios2eds/bin/gnu/h-x86_64-mingw32/bin/../lib/gcc/nios2-elf/5.3.0/../../../../../H-x86_64-mingw32/nios2-elf/lib\libc.a(lib_a-findfp.o)
 .data          0x0000000000110b9c        0x0 d:/intel/nios2eds/bin/gnu/h-x86_64-mingw32/bin/../lib/gcc/nios2-elf/5.3.0/../../../../../H-x86_64-mingw32/nios2-elf/lib\libc.a(lib_a-freer.o)
 .data          0x0000000000110b9c        0x0 d:/intel/nios2eds/bin/gnu/h-x86_64-mingw32/bin/../lib/gcc/nios2-elf/5.3.0/../../../../../H-x86_64-mingw32/nios2-elf/lib\libc.a(lib_a-fwalk.o)
 .data          0x0000000000110b9c        0x0 d:/intel/nios2eds/bin/gnu/h-x86_64-mingw32/bin/../lib/gcc/nios2-elf/5.3.0/../../../../../H-x86_64-mingw32/nios2-elf/lib\libc.a(lib_a-impure.o)
 .data.impure_data
                0x0000000000110b9c      0x424 d:/intel/nios2eds/bin/gnu/h-x86_64-mingw32/bin/../lib/gcc/nios2-elf/5.3.0/../../../../../H-x86_64-mingw32/nios2-elf/lib\libc.a(lib_a-impure.o)
 .data          0x0000000000110fc0        0x0 d:/intel/nios2eds/bin/gnu/h-x86_64-mingw32/bin/../lib/gcc/nios2-elf/5.3.0/../../../../../H-x86_64-mingw32/nios2-elf/lib\libc.a(lib_a-locale.o)
 .data.lc_message_charset
                0x0000000000110fc0       0x20 d:/intel/nios2eds/bin/gnu/h-x86_64-mingw32/bin/../lib/gcc/nios2-elf/5.3.0/../../../../../H-x86_64-mingw32/nios2-elf/lib\libc.a(lib_a-locale.o)
 .data.lc_ctype_charset
                0x0000000000110fe0       0x20 d:/intel/nios2eds/bin/gnu/h-x86_64-mingw32/bin/../lib/gcc/nios2-elf/5.3.0/../../../../../H-x86_64-mingw32/nios2-elf/lib\libc.a(lib_a-locale.o)
 .data.lconv    0x0000000000111000       0x38 d:/intel/nios2eds/bin/gnu/h-x86_64-mingw32/bin/../lib/gcc/nios2-elf/5.3.0/../../../../../H-x86_64-mingw32/nios2-elf/lib\libc.a(lib_a-locale.o)
 .data          0x0000000000111038        0x0 d:/intel/nios2eds/bin/gnu/h-x86_64-mingw32/bin/../lib/gcc/nios2-elf/5.3.0/../../../../../H-x86_64-mingw32/nios2-elf/lib\libc.a(lib_a-makebuf.o)
 .data          0x0000000000111038        0x0 d:/intel/nios2eds/bin/gnu/h-x86_64-mingw32/bin/../lib/gcc/nios2-elf/5.3.0/../../../../../H-x86_64-mingw32/nios2-elf/lib\libc.a(lib_a-mallocr.o)
 .data.__malloc_av_
                0x0000000000111038      0x408 d:/intel/nios2eds/bin/gnu/h-x86_64-mingw32/bin/../lib/gcc/nios2-elf/5.3.0/../../../../../H-x86_64-mingw32/nios2-elf/lib\libc.a(lib_a-mallocr.o)
                0x0000000000111038                __malloc_av_
 .data          0x0000000000111440        0x0 d:/intel/nios2eds/bin/gnu/h-x86_64-mingw32/bin/../lib/gcc/nios2-elf/5.3.0/../../../../../H-x86_64-mingw32/nios2-elf/lib\libc.a(lib_a-memchr.o)
 .data          0x0000000000111440        0x0 d:/intel/nios2eds/bin/gnu/h-x86_64-mingw32/bin/../lib/gcc/nios2-elf/5.3.0/../../../../../H-x86_64-mingw32/nios2-elf/lib\libc.a(lib_a-memcpy.o)
 .data          0x0000000000111440        0x0 d:/intel/nios2eds/bin/gnu/h-x86_64-mingw32/bin/../lib/gcc/nios2-elf/5.3.0/../../../../../H-x86_64-mingw32/nios2-elf/lib\libc.a(lib_a-memset.o)
 .data          0x0000000000111440        0x0 d:/intel/nios2eds/bin/gnu/h-x86_64-mingw32/bin/../lib/gcc/nios2-elf/5.3.0/../../../../../H-x86_64-mingw32/nios2-elf/lib\libc.a(lib_a-mprec.o)
 .data          0x0000000000111440        0x0 d:/intel/nios2eds/bin/gnu/h-x86_64-mingw32/bin/../lib/gcc/nios2-elf/5.3.0/../../../../../H-x86_64-mingw32/nios2-elf/lib\libc.a(lib_a-s_fpclassify.o)
 .data          0x0000000000111440        0x0 d:/intel/nios2eds/bin/gnu/h-x86_64-mingw32/bin/../lib/gcc/nios2-elf/5.3.0/../../../../../H-x86_64-mingw32/nios2-elf/lib\libc.a(lib_a-sbrkr.o)
 .data          0x0000000000111440        0x0 d:/intel/nios2eds/bin/gnu/h-x86_64-mingw32/bin/../lib/gcc/nios2-elf/5.3.0/../../../../../H-x86_64-mingw32/nios2-elf/lib\libc.a(lib_a-stdio.o)
 .data          0x0000000000111440        0x0 d:/intel/nios2eds/bin/gnu/h-x86_64-mingw32/bin/../lib/gcc/nios2-elf/5.3.0/../../../../../H-x86_64-mingw32/nios2-elf/lib\libc.a(lib_a-strcmp.o)
 .data          0x0000000000111440        0x0 d:/intel/nios2eds/bin/gnu/h-x86_64-mingw32/bin/../lib/gcc/nios2-elf/5.3.0/../../../../../H-x86_64-mingw32/nios2-elf/lib\libc.a(lib_a-strlen.o)
 .data          0x0000000000111440        0x0 d:/intel/nios2eds/bin/gnu/h-x86_64-mingw32/bin/../lib/gcc/nios2-elf/5.3.0/../../../../../H-x86_64-mingw32/nios2-elf/lib\libc.a(lib_a-vfiprintf.o)
 .data          0x0000000000111440        0x0 d:/intel/nios2eds/bin/gnu/h-x86_64-mingw32/bin/../lib/gcc/nios2-elf/5.3.0/../../../../../H-x86_64-mingw32/nios2-elf/lib\libc.a(lib_a-writer.o)
 .data          0x0000000000111440        0x0 d:/intel/nios2eds/bin/gnu/h-x86_64-mingw32/bin/../lib/gcc/nios2-elf/5.3.0/../../../../../H-x86_64-mingw32/nios2-elf/lib\libc.a(closer.o)
 .data          0x0000000000111440        0x0 d:/intel/nios2eds/bin/gnu/h-x86_64-mingw32/bin/../lib/gcc/nios2-elf/5.3.0/../../../../../H-x86_64-mingw32/nios2-elf/lib\libc.a(lib_a-callocr.o)
 .data          0x0000000000111440        0x0 d:/intel/nios2eds/bin/gnu/h-x86_64-mingw32/bin/../lib/gcc/nios2-elf/5.3.0/../../../../../H-x86_64-mingw32/nios2-elf/lib\libc.a(lib_a-fclose.o)
 .data          0x0000000000111440        0x0 d:/intel/nios2eds/bin/gnu/h-x86_64-mingw32/bin/../lib/gcc/nios2-elf/5.3.0/../../../../../H-x86_64-mingw32/nios2-elf/lib\libc.a(lib_a-fputwc.o)
 .data          0x0000000000111440        0x0 d:/intel/nios2eds/bin/gnu/h-x86_64-mingw32/bin/../lib/gcc/nios2-elf/5.3.0/../../../../../H-x86_64-mingw32/nios2-elf/lib\libc.a(lib_a-fstatr.o)
 .data          0x0000000000111440        0x0 d:/intel/nios2eds/bin/gnu/h-x86_64-mingw32/bin/../lib/gcc/nios2-elf/5.3.0/../../../../../H-x86_64-mingw32/nios2-elf/lib\libc.a(lib_a-fvwrite.o)
 .data          0x0000000000111440        0x0 d:/intel/nios2eds/bin/gnu/h-x86_64-mingw32/bin/../lib/gcc/nios2-elf/5.3.0/../../../../../H-x86_64-mingw32/nios2-elf/lib\libc.a(lib_a-int_errno.o)
 .data          0x0000000000111440        0x0 d:/intel/nios2eds/bin/gnu/h-x86_64-mingw32/bin/../lib/gcc/nios2-elf/5.3.0/../../../../../H-x86_64-mingw32/nios2-elf/lib\libc.a(lib_a-isattyr.o)
 .data          0x0000000000111440        0x0 d:/intel/nios2eds/bin/gnu/h-x86_64-mingw32/bin/../lib/gcc/nios2-elf/5.3.0/../../../../../H-x86_64-mingw32/nios2-elf/lib\libc.a(lib_a-lseekr.o)
 .data          0x0000000000111440        0x0 d:/intel/nios2eds/bin/gnu/h-x86_64-mingw32/bin/../lib/gcc/nios2-elf/5.3.0/../../../../../H-x86_64-mingw32/nios2-elf/lib\libc.a(lib_a-memmove.o)
 .data          0x0000000000111440        0x0 d:/intel/nios2eds/bin/gnu/h-x86_64-mingw32/bin/../lib/gcc/nios2-elf/5.3.0/../../../../../H-x86_64-mingw32/nios2-elf/lib\libc.a(lib_a-readr.o)
 .data          0x0000000000111440        0x0 d:/intel/nios2eds/bin/gnu/h-x86_64-mingw32/bin/../lib/gcc/nios2-elf/5.3.0/../../../../../H-x86_64-mingw32/nios2-elf/lib\libc.a(lib_a-reallocr.o)
 .data          0x0000000000111440        0x0 d:/intel/nios2eds/bin/gnu/h-x86_64-mingw32/bin/../lib/gcc/nios2-elf/5.3.0/../../../../../H-x86_64-mingw32/nios2-elf/lib\libc.a(lib_a-wbuf.o)
 .data          0x0000000000111440        0x0 d:/intel/nios2eds/bin/gnu/h-x86_64-mingw32/bin/../lib/gcc/nios2-elf/5.3.0/../../../../../H-x86_64-mingw32/nios2-elf/lib\libc.a(lib_a-wcrtomb.o)
 .data          0x0000000000111440        0x0 d:/intel/nios2eds/bin/gnu/h-x86_64-mingw32/bin/../lib/gcc/nios2-elf/5.3.0/../../../../../H-x86_64-mingw32/nios2-elf/lib\libc.a(lib_a-wctomb_r.o)
 .data          0x0000000000111440        0x0 d:/intel/nios2eds/bin/gnu/h-x86_64-mingw32/bin/../lib/gcc/nios2-elf/5.3.0\libgcc.a(_udivdi3.o)
 .data          0x0000000000111440        0x0 d:/intel/nios2eds/bin/gnu/h-x86_64-mingw32/bin/../lib/gcc/nios2-elf/5.3.0\libgcc.a(_umoddi3.o)
 .data          0x0000000000111440        0x0 d:/intel/nios2eds/bin/gnu/h-x86_64-mingw32/bin/../lib/gcc/nios2-elf/5.3.0\libgcc.a(adddf3.o)
 .data          0x0000000000111440        0x0 d:/intel/nios2eds/bin/gnu/h-x86_64-mingw32/bin/../lib/gcc/nios2-elf/5.3.0\libgcc.a(divdf3.o)
 .data          0x0000000000111440        0x0 d:/intel/nios2eds/bin/gnu/h-x86_64-mingw32/bin/../lib/gcc/nios2-elf/5.3.0\libgcc.a(eqdf2.o)
 .data          0x0000000000111440        0x0 d:/intel/nios2eds/bin/gnu/h-x86_64-mingw32/bin/../lib/gcc/nios2-elf/5.3.0\libgcc.a(gedf2.o)
 .data          0x0000000000111440        0x0 d:/intel/nios2eds/bin/gnu/h-x86_64-mingw32/bin/../lib/gcc/nios2-elf/5.3.0\libgcc.a(ledf2.o)
 .data          0x0000000000111440        0x0 d:/intel/nios2eds/bin/gnu/h-x86_64-mingw32/bin/../lib/gcc/nios2-elf/5.3.0\libgcc.a(muldf3.o)
 .data          0x0000000000111440        0x0 d:/intel/nios2eds/bin/gnu/h-x86_64-mingw32/bin/../lib/gcc/nios2-elf/5.3.0\libgcc.a(subdf3.o)
 .data          0x0000000000111440        0x0 d:/intel/nios2eds/bin/gnu/h-x86_64-mingw32/bin/../lib/gcc/nios2-elf/5.3.0\libgcc.a(fixdfsi.o)
 .data          0x0000000000111440        0x0 d:/intel/nios2eds/bin/gnu/h-x86_64-mingw32/bin/../lib/gcc/nios2-elf/5.3.0\libgcc.a(floatsidf.o)
 .data          0x0000000000111440        0x0 d:/intel/nios2eds/bin/gnu/h-x86_64-mingw32/bin/../lib/gcc/nios2-elf/5.3.0\libgcc.a(floatunsidf.o)
 .data          0x0000000000111440        0x0 ../bioleg_bsp/\libhal_bsp.a(alt_close.o)
 .data          0x0000000000111440      0x1a8 ../bioleg_bsp/\libhal_bsp.a(alt_dev.o)
                0x0000000000111440                alt_dev_null
                0x0000000000111468                alt_fd_list
 .data          0x00000000001115e8        0x0 ../bioleg_bsp/\libhal_bsp.a(alt_errno.o)
 .data          0x00000000001115e8        0x0 ../bioleg_bsp/\libhal_bsp.a(alt_fstat.o)
 .data          0x00000000001115e8        0x0 ../bioleg_bsp/\libhal_bsp.a(alt_isatty.o)
 .data          0x00000000001115e8        0x0 ../bioleg_bsp/\libhal_bsp.a(alt_load.o)
 .data          0x00000000001115e8        0x0 ../bioleg_bsp/\libhal_bsp.a(alt_lseek.o)
 .data          0x00000000001115e8        0x0 ../bioleg_bsp/\libhal_bsp.a(alt_main.o)
 .data          0x00000000001115e8        0x0 ../bioleg_bsp/\libhal_bsp.a(alt_malloc_lock.o)
 .data          0x00000000001115e8        0x0 ../bioleg_bsp/\libhal_bsp.a(alt_read.o)
 .data          0x00000000001115e8        0x0 ../bioleg_bsp/\libhal_bsp.a(alt_release_fd.o)
 .data          0x00000000001115e8        0x0 ../bioleg_bsp/\libhal_bsp.a(alt_sbrk.o)
 .data          0x00000000001115e8        0x0 ../bioleg_bsp/\libhal_bsp.a(alt_usleep.o)
 .data          0x00000000001115e8        0x0 ../bioleg_bsp/\libhal_bsp.a(alt_write.o)
 .data          0x00000000001115e8       0xc4 ../bioleg_bsp/\libhal_bsp.a(alt_sys_init.o)
 .data          0x00000000001116ac        0x0 ../bioleg_bsp/\libhal_bsp.a(altera_avalon_uart_fd.o)
 .data          0x00000000001116ac        0x0 ../bioleg_bsp/\libhal_bsp.a(altera_avalon_uart_init.o)
 .data          0x00000000001116ac        0x0 ../bioleg_bsp/\libhal_bsp.a(altera_avalon_uart_read.o)
 .data          0x00000000001116ac        0x0 ../bioleg_bsp/\libhal_bsp.a(altera_avalon_uart_write.o)
 .data          0x00000000001116ac        0x0 ../bioleg_bsp/\libhal_bsp.a(alt_busy_sleep.o)
 .data          0x00000000001116ac        0x0 ../bioleg_bsp/\libhal_bsp.a(alt_dcache_flush_all.o)
 .data          0x00000000001116ac        0x0 ../bioleg_bsp/\libhal_bsp.a(alt_dev_llist_insert.o)
 .data          0x00000000001116ac        0x0 ../bioleg_bsp/\libhal_bsp.a(alt_do_ctors.o)
 .data          0x00000000001116ac        0x0 ../bioleg_bsp/\libhal_bsp.a(alt_do_dtors.o)
 .data          0x00000000001116ac        0x0 ../bioleg_bsp/\libhal_bsp.a(alt_icache_flush_all.o)
 .data          0x00000000001116ac        0x0 ../bioleg_bsp/\libhal_bsp.a(alt_iic.o)
 .data          0x00000000001116ac        0x0 ../bioleg_bsp/\libhal_bsp.a(alt_iic_isr_register.o)
 .data          0x00000000001116ac        0x0 ../bioleg_bsp/\libhal_bsp.a(alt_io_redirect.o)
 .data          0x00000000001116ac        0x0 ../bioleg_bsp/\libhal_bsp.a(alt_irq_entry.o)
 .data          0x00000000001116ac        0x0 ../bioleg_bsp/\libhal_bsp.a(alt_irq_handler.o)
 .data          0x00000000001116ac        0x0 ../bioleg_bsp/\libhal_bsp.a(alt_irq_vars.o)
 .data          0x00000000001116ac        0x0 ../bioleg_bsp/\libhal_bsp.a(alt_open.o)
 .data          0x00000000001116ac        0x0 ../bioleg_bsp/\libhal_bsp.a(altera_nios2_gen2_irq.o)
 .data          0x00000000001116ac        0x0 ../bioleg_bsp/\libhal_bsp.a(alt_exception_entry.o)
 .data          0x00000000001116ac        0x0 ../bioleg_bsp/\libhal_bsp.a(alt_find_dev.o)
 .data          0x00000000001116ac        0x0 ../bioleg_bsp/\libhal_bsp.a(alt_find_file.o)
 .data          0x00000000001116ac        0x0 ../bioleg_bsp/\libhal_bsp.a(alt_get_fd.o)
 .data          0x00000000001116ac        0x0 ../bioleg_bsp/\libhal_bsp.a(alt_icache_flush.o)
 .data          0x00000000001116ac        0x0 ../bioleg_bsp/\libhal_bsp.a(alt_instruction_exception_entry.o)
 .data          0x00000000001116ac        0x0 d:/intel/nios2eds/bin/gnu/h-x86_64-mingw32/bin/../lib/gcc/nios2-elf/5.3.0/../../../../../H-x86_64-mingw32/nios2-elf/lib\libc.a(lib_a-atexit.o)
 .data          0x00000000001116ac        0x0 d:/intel/nios2eds/bin/gnu/h-x86_64-mingw32/bin/../lib/gcc/nios2-elf/5.3.0/../../../../../H-x86_64-mingw32/nios2-elf/lib\libc.a(lib_a-exit.o)
 .data          0x00000000001116ac        0x0 d:/intel/nios2eds/bin/gnu/h-x86_64-mingw32/bin/../lib/gcc/nios2-elf/5.3.0/../../../../../H-x86_64-mingw32/nios2-elf/lib\libc.a(lib_a-memcmp.o)
 .data          0x00000000001116ac        0x0 d:/intel/nios2eds/bin/gnu/h-x86_64-mingw32/bin/../lib/gcc/nios2-elf/5.3.0/../../../../../H-x86_64-mingw32/nios2-elf/lib\libc.a(lib_a-__atexit.o)
 .data          0x00000000001116ac        0x0 d:/intel/nios2eds/bin/gnu/h-x86_64-mingw32/bin/../lib/gcc/nios2-elf/5.3.0/../../../../../H-x86_64-mingw32/nios2-elf/lib\libc.a(lib_a-__call_atexit.o)
 .data          0x00000000001116ac        0x0 ../bioleg_bsp/\libhal_bsp.a(alt_exit.o)
                0x00000000001196ac                _gp = ABSOLUTE ((. + 0x8000))
                [!provide]                        PROVIDE (gp, _gp)
 *(.rwdata .rwdata.*)
 *(.sdata .sdata.* .gnu.linkonce.s.*)
 .sdata._global_impure_ptr
                0x00000000001116ac        0x4 d:/intel/nios2eds/bin/gnu/h-x86_64-mingw32/bin/../lib/gcc/nios2-elf/5.3.0/../../../../../H-x86_64-mingw32/nios2-elf/lib\libc.a(lib_a-impure.o)
                0x00000000001116ac                _global_impure_ptr
 .sdata._impure_ptr
                0x00000000001116b0        0x4 d:/intel/nios2eds/bin/gnu/h-x86_64-mingw32/bin/../lib/gcc/nios2-elf/5.3.0/../../../../../H-x86_64-mingw32/nios2-elf/lib\libc.a(lib_a-impure.o)
                0x00000000001116b0                _impure_ptr
 .sdata.__mb_cur_max
                0x00000000001116b4        0x4 d:/intel/nios2eds/bin/gnu/h-x86_64-mingw32/bin/../lib/gcc/nios2-elf/5.3.0/../../../../../H-x86_64-mingw32/nios2-elf/lib\libc.a(lib_a-locale.o)
                0x00000000001116b4                __mb_cur_max
 .sdata.__malloc_sbrk_base
                0x00000000001116b8        0x4 d:/intel/nios2eds/bin/gnu/h-x86_64-mingw32/bin/../lib/gcc/nios2-elf/5.3.0/../../../../../H-x86_64-mingw32/nios2-elf/lib\libc.a(lib_a-mallocr.o)
                0x00000000001116b8                __malloc_sbrk_base
 .sdata.__malloc_trim_threshold
                0x00000000001116bc        0x4 d:/intel/nios2eds/bin/gnu/h-x86_64-mingw32/bin/../lib/gcc/nios2-elf/5.3.0/../../../../../H-x86_64-mingw32/nios2-elf/lib\libc.a(lib_a-mallocr.o)
                0x00000000001116bc                __malloc_trim_threshold
 .sdata.__wctomb
                0x00000000001116c0        0x4 d:/intel/nios2eds/bin/gnu/h-x86_64-mingw32/bin/../lib/gcc/nios2-elf/5.3.0/../../../../../H-x86_64-mingw32/nios2-elf/lib\libc.a(lib_a-wctomb_r.o)
                0x00000000001116c0                __wctomb
 .sdata         0x00000000001116c4       0x14 ../bioleg_bsp/\libhal_bsp.a(alt_dev.o)
                0x00000000001116c4                alt_fs_list
                0x00000000001116cc                alt_dev_list
                0x00000000001116d4                alt_max_fd
 .sdata         0x00000000001116d8        0x4 ../bioleg_bsp/\libhal_bsp.a(alt_errno.o)
                0x00000000001116d8                alt_errno
 .sdata         0x00000000001116dc        0x4 ../bioleg_bsp/\libhal_bsp.a(alt_sbrk.o)
 .sdata         0x00000000001116e0        0x4 ../bioleg_bsp/\libhal_bsp.a(alt_irq_vars.o)
                0x00000000001116e0                alt_priority_mask
 *(.sdata2 .sdata2.* .gnu.linkonce.s2.*)
                0x00000000001116e4                . = ALIGN (0x4)
                0x00000000001116e4                _edata = ABSOLUTE (.)
                [!provide]                        PROVIDE (edata, ABSOLUTE (.))
                0x00000000001116e4                PROVIDE (__ram_rwdata_end, ABSOLUTE (.))
                0x00000000001116e4                PROVIDE (__flash_rwdata_start, LOADADDR (.rwdata))

.bss            0x0000000000112704      0x178
                0x0000000000112704                __bss_start = ABSOLUTE (.)
                [!provide]                        PROVIDE (__sbss_start, ABSOLUTE (.))
                [!provide]                        PROVIDE (___sbss_start, ABSOLUTE (.))
 *(.dynsbss)
 *(.sbss .sbss.* .gnu.linkonce.sb.*)
 .sbss          0x0000000000112704        0xc obj/default/hello_world.o
                0x0000000000112704                n
                0x0000000000112708                indexX
                0x000000000011270c                indexY
 .sbss._PathLocale
                0x0000000000112710        0x4 d:/intel/nios2eds/bin/gnu/h-x86_64-mingw32/bin/../lib/gcc/nios2-elf/5.3.0/../../../../../H-x86_64-mingw32/nios2-elf/lib\libc.a(lib_a-locale.o)
                0x0000000000112710                _PathLocale
 .sbss.__mlocale_changed
                0x0000000000112714        0x4 d:/intel/nios2eds/bin/gnu/h-x86_64-mingw32/bin/../lib/gcc/nios2-elf/5.3.0/../../../../../H-x86_64-mingw32/nios2-elf/lib\libc.a(lib_a-locale.o)
                0x0000000000112714                __mlocale_changed
 .sbss.__nlocale_changed
                0x0000000000112718        0x4 d:/intel/nios2eds/bin/gnu/h-x86_64-mingw32/bin/../lib/gcc/nios2-elf/5.3.0/../../../../../H-x86_64-mingw32/nios2-elf/lib\libc.a(lib_a-locale.o)
                0x0000000000112718                __nlocale_changed
 .sbss.__malloc_max_total_mem
                0x000000000011271c        0x4 d:/intel/nios2eds/bin/gnu/h-x86_64-mingw32/bin/../lib/gcc/nios2-elf/5.3.0/../../../../../H-x86_64-mingw32/nios2-elf/lib\libc.a(lib_a-mallocr.o)
                0x000000000011271c                __malloc_max_total_mem
 .sbss.__malloc_max_sbrked_mem
                0x0000000000112720        0x4 d:/intel/nios2eds/bin/gnu/h-x86_64-mingw32/bin/../lib/gcc/nios2-elf/5.3.0/../../../../../H-x86_64-mingw32/nios2-elf/lib\libc.a(lib_a-mallocr.o)
                0x0000000000112720                __malloc_max_sbrked_mem
 .sbss.__malloc_top_pad
                0x0000000000112724        0x4 d:/intel/nios2eds/bin/gnu/h-x86_64-mingw32/bin/../lib/gcc/nios2-elf/5.3.0/../../../../../H-x86_64-mingw32/nios2-elf/lib\libc.a(lib_a-mallocr.o)
                0x0000000000112724                __malloc_top_pad
 .sbss          0x0000000000112728        0x4 d:/intel/nios2eds/bin/gnu/h-x86_64-mingw32/bin/../lib/gcc/nios2-elf/5.3.0/../../../../../H-x86_64-mingw32/nios2-elf/lib\libc.a(lib_a-int_errno.o)
                0x0000000000112728                errno
 .sbss          0x000000000011272c        0xc ../bioleg_bsp/\libhal_bsp.a(alt_main.o)
                0x000000000011272c                alt_argc
                0x0000000000112730                alt_argv
                0x0000000000112734                alt_envp
 .sbss          0x0000000000112738        0x4 ../bioleg_bsp/\libhal_bsp.a(alt_irq_vars.o)
                0x0000000000112738                alt_irq_active
 .sbss          0x000000000011273c        0x4 ../bioleg_bsp/\libhal_bsp.a(alt_instruction_exception_entry.o)
                0x000000000011273c                alt_instruction_exception_handler
 *(.sbss2 .sbss2.* .gnu.linkonce.sb2.*)
 *(.scommon)
                [!provide]                        PROVIDE (__sbss_end, ABSOLUTE (.))
                [!provide]                        PROVIDE (___sbss_end, ABSOLUTE (.))
 *(.dynbss)
 *(.bss .bss.* .gnu.linkonce.b.*)
 .bss           0x0000000000112740        0x0 ../bioleg_bsp//obj/HAL/src/crt0.o
 .bss           0x0000000000112740       0x14 obj/default/hello_world.o
                0x0000000000112740                hist
 .bss           0x0000000000112754        0x0 d:/intel/nios2eds/bin/gnu/h-x86_64-mingw32/bin/../lib/gcc/nios2-elf/5.3.0\libgcc.a(lib2-divmod.o)
 .bss           0x0000000000112754        0x0 d:/intel/nios2eds/bin/gnu/h-x86_64-mingw32/bin/../lib/gcc/nios2-elf/5.3.0\libgcc.a(divsf3.o)
 .bss           0x0000000000112754        0x0 d:/intel/nios2eds/bin/gnu/h-x86_64-mingw32/bin/../lib/gcc/nios2-elf/5.3.0\libgcc.a(mulsf3.o)
 .bss           0x0000000000112754        0x0 d:/intel/nios2eds/bin/gnu/h-x86_64-mingw32/bin/../lib/gcc/nios2-elf/5.3.0\libgcc.a(fixsfsi.o)
 .bss           0x0000000000112754        0x0 d:/intel/nios2eds/bin/gnu/h-x86_64-mingw32/bin/../lib/gcc/nios2-elf/5.3.0\libgcc.a(floatsisf.o)
 .bss           0x0000000000112754        0x0 d:/intel/nios2eds/bin/gnu/h-x86_64-mingw32/bin/../lib/gcc/nios2-elf/5.3.0\libgcc.a(_clzsi2.o)
 .bss           0x0000000000112754        0x0 d:/intel/nios2eds/bin/gnu/h-x86_64-mingw32/bin/../lib/gcc/nios2-elf/5.3.0\libgcc.a(_clz.o)
 .bss           0x0000000000112754        0x0 d:/intel/nios2eds/bin/gnu/h-x86_64-mingw32/bin/../lib/gcc/nios2-elf/5.3.0/../../../../../H-x86_64-mingw32/nios2-elf/lib\libc.a(lib_a-printf.o)
 .bss           0x0000000000112754        0x0 d:/intel/nios2eds/bin/gnu/h-x86_64-mingw32/bin/../lib/gcc/nios2-elf/5.3.0/../../../../../H-x86_64-mingw32/nios2-elf/lib\libc.a(lib_a-vfprintf.o)
 .bss           0x0000000000112754        0x0 d:/intel/nios2eds/bin/gnu/h-x86_64-mingw32/bin/../lib/gcc/nios2-elf/5.3.0/../../../../../H-x86_64-mingw32/nios2-elf/lib\libc.a(lib_a-wsetup.o)
 .bss           0x0000000000112754        0x0 d:/intel/nios2eds/bin/gnu/h-x86_64-mingw32/bin/../lib/gcc/nios2-elf/5.3.0/../../../../../H-x86_64-mingw32/nios2-elf/lib\libc.a(lib_a-dtoa.o)
 .bss           0x0000000000112754        0x0 d:/intel/nios2eds/bin/gnu/h-x86_64-mingw32/bin/../lib/gcc/nios2-elf/5.3.0/../../../../../H-x86_64-mingw32/nios2-elf/lib\libc.a(lib_a-fflush.o)
 .bss           0x0000000000112754        0x0 d:/intel/nios2eds/bin/gnu/h-x86_64-mingw32/bin/../lib/gcc/nios2-elf/5.3.0/../../../../../H-x86_64-mingw32/nios2-elf/lib\libc.a(lib_a-findfp.o)
 .bss           0x0000000000112754        0x0 d:/intel/nios2eds/bin/gnu/h-x86_64-mingw32/bin/../lib/gcc/nios2-elf/5.3.0/../../../../../H-x86_64-mingw32/nios2-elf/lib\libc.a(lib_a-freer.o)
 .bss           0x0000000000112754        0x0 d:/intel/nios2eds/bin/gnu/h-x86_64-mingw32/bin/../lib/gcc/nios2-elf/5.3.0/../../../../../H-x86_64-mingw32/nios2-elf/lib\libc.a(lib_a-fwalk.o)
 .bss           0x0000000000112754        0x0 d:/intel/nios2eds/bin/gnu/h-x86_64-mingw32/bin/../lib/gcc/nios2-elf/5.3.0/../../../../../H-x86_64-mingw32/nios2-elf/lib\libc.a(lib_a-impure.o)
 .bss           0x0000000000112754        0x0 d:/intel/nios2eds/bin/gnu/h-x86_64-mingw32/bin/../lib/gcc/nios2-elf/5.3.0/../../../../../H-x86_64-mingw32/nios2-elf/lib\libc.a(lib_a-locale.o)
 .bss           0x0000000000112754        0x0 d:/intel/nios2eds/bin/gnu/h-x86_64-mingw32/bin/../lib/gcc/nios2-elf/5.3.0/../../../../../H-x86_64-mingw32/nios2-elf/lib\libc.a(lib_a-makebuf.o)
 .bss           0x0000000000112754        0x0 d:/intel/nios2eds/bin/gnu/h-x86_64-mingw32/bin/../lib/gcc/nios2-elf/5.3.0/../../../../../H-x86_64-mingw32/nios2-elf/lib\libc.a(lib_a-mallocr.o)
 .bss.__malloc_current_mallinfo
                0x0000000000112754       0x28 d:/intel/nios2eds/bin/gnu/h-x86_64-mingw32/bin/../lib/gcc/nios2-elf/5.3.0/../../../../../H-x86_64-mingw32/nios2-elf/lib\libc.a(lib_a-mallocr.o)
                0x0000000000112754                __malloc_current_mallinfo
 .bss           0x000000000011277c        0x0 d:/intel/nios2eds/bin/gnu/h-x86_64-mingw32/bin/../lib/gcc/nios2-elf/5.3.0/../../../../../H-x86_64-mingw32/nios2-elf/lib\libc.a(lib_a-memchr.o)
 .bss           0x000000000011277c        0x0 d:/intel/nios2eds/bin/gnu/h-x86_64-mingw32/bin/../lib/gcc/nios2-elf/5.3.0/../../../../../H-x86_64-mingw32/nios2-elf/lib\libc.a(lib_a-memcpy.o)
 .bss           0x000000000011277c        0x0 d:/intel/nios2eds/bin/gnu/h-x86_64-mingw32/bin/../lib/gcc/nios2-elf/5.3.0/../../../../../H-x86_64-mingw32/nios2-elf/lib\libc.a(lib_a-memset.o)
 .bss           0x000000000011277c        0x0 d:/intel/nios2eds/bin/gnu/h-x86_64-mingw32/bin/../lib/gcc/nios2-elf/5.3.0/../../../../../H-x86_64-mingw32/nios2-elf/lib\libc.a(lib_a-mprec.o)
 .bss           0x000000000011277c        0x0 d:/intel/nios2eds/bin/gnu/h-x86_64-mingw32/bin/../lib/gcc/nios2-elf/5.3.0/../../../../../H-x86_64-mingw32/nios2-elf/lib\libc.a(lib_a-s_fpclassify.o)
 .bss           0x000000000011277c        0x0 d:/intel/nios2eds/bin/gnu/h-x86_64-mingw32/bin/../lib/gcc/nios2-elf/5.3.0/../../../../../H-x86_64-mingw32/nios2-elf/lib\libc.a(lib_a-sbrkr.o)
 .bss           0x000000000011277c        0x0 d:/intel/nios2eds/bin/gnu/h-x86_64-mingw32/bin/../lib/gcc/nios2-elf/5.3.0/../../../../../H-x86_64-mingw32/nios2-elf/lib\libc.a(lib_a-stdio.o)
 .bss           0x000000000011277c        0x0 d:/intel/nios2eds/bin/gnu/h-x86_64-mingw32/bin/../lib/gcc/nios2-elf/5.3.0/../../../../../H-x86_64-mingw32/nios2-elf/lib\libc.a(lib_a-strcmp.o)
 .bss           0x000000000011277c        0x0 d:/intel/nios2eds/bin/gnu/h-x86_64-mingw32/bin/../lib/gcc/nios2-elf/5.3.0/../../../../../H-x86_64-mingw32/nios2-elf/lib\libc.a(lib_a-strlen.o)
 .bss           0x000000000011277c        0x0 d:/intel/nios2eds/bin/gnu/h-x86_64-mingw32/bin/../lib/gcc/nios2-elf/5.3.0/../../../../../H-x86_64-mingw32/nios2-elf/lib\libc.a(lib_a-vfiprintf.o)
 .bss           0x000000000011277c        0x0 d:/intel/nios2eds/bin/gnu/h-x86_64-mingw32/bin/../lib/gcc/nios2-elf/5.3.0/../../../../../H-x86_64-mingw32/nios2-elf/lib\libc.a(lib_a-writer.o)
 .bss           0x000000000011277c        0x0 d:/intel/nios2eds/bin/gnu/h-x86_64-mingw32/bin/../lib/gcc/nios2-elf/5.3.0/../../../../../H-x86_64-mingw32/nios2-elf/lib\libc.a(closer.o)
 .bss           0x000000000011277c        0x0 d:/intel/nios2eds/bin/gnu/h-x86_64-mingw32/bin/../lib/gcc/nios2-elf/5.3.0/../../../../../H-x86_64-mingw32/nios2-elf/lib\libc.a(lib_a-callocr.o)
 .bss           0x000000000011277c        0x0 d:/intel/nios2eds/bin/gnu/h-x86_64-mingw32/bin/../lib/gcc/nios2-elf/5.3.0/../../../../../H-x86_64-mingw32/nios2-elf/lib\libc.a(lib_a-fclose.o)
 .bss           0x000000000011277c        0x0 d:/intel/nios2eds/bin/gnu/h-x86_64-mingw32/bin/../lib/gcc/nios2-elf/5.3.0/../../../../../H-x86_64-mingw32/nios2-elf/lib\libc.a(lib_a-fputwc.o)
 .bss           0x000000000011277c        0x0 d:/intel/nios2eds/bin/gnu/h-x86_64-mingw32/bin/../lib/gcc/nios2-elf/5.3.0/../../../../../H-x86_64-mingw32/nios2-elf/lib\libc.a(lib_a-fstatr.o)
 .bss           0x000000000011277c        0x0 d:/intel/nios2eds/bin/gnu/h-x86_64-mingw32/bin/../lib/gcc/nios2-elf/5.3.0/../../../../../H-x86_64-mingw32/nios2-elf/lib\libc.a(lib_a-fvwrite.o)
 .bss           0x000000000011277c        0x0 d:/intel/nios2eds/bin/gnu/h-x86_64-mingw32/bin/../lib/gcc/nios2-elf/5.3.0/../../../../../H-x86_64-mingw32/nios2-elf/lib\libc.a(lib_a-int_errno.o)
 .bss           0x000000000011277c        0x0 d:/intel/nios2eds/bin/gnu/h-x86_64-mingw32/bin/../lib/gcc/nios2-elf/5.3.0/../../../../../H-x86_64-mingw32/nios2-elf/lib\libc.a(lib_a-isattyr.o)
 .bss           0x000000000011277c        0x0 d:/intel/nios2eds/bin/gnu/h-x86_64-mingw32/bin/../lib/gcc/nios2-elf/5.3.0/../../../../../H-x86_64-mingw32/nios2-elf/lib\libc.a(lib_a-lseekr.o)
 .bss           0x000000000011277c        0x0 d:/intel/nios2eds/bin/gnu/h-x86_64-mingw32/bin/../lib/gcc/nios2-elf/5.3.0/../../../../../H-x86_64-mingw32/nios2-elf/lib\libc.a(lib_a-memmove.o)
 .bss           0x000000000011277c        0x0 d:/intel/nios2eds/bin/gnu/h-x86_64-mingw32/bin/../lib/gcc/nios2-elf/5.3.0/../../../../../H-x86_64-mingw32/nios2-elf/lib\libc.a(lib_a-readr.o)
 .bss           0x000000000011277c        0x0 d:/intel/nios2eds/bin/gnu/h-x86_64-mingw32/bin/../lib/gcc/nios2-elf/5.3.0/../../../../../H-x86_64-mingw32/nios2-elf/lib\libc.a(lib_a-reallocr.o)
 .bss           0x000000000011277c        0x0 d:/intel/nios2eds/bin/gnu/h-x86_64-mingw32/bin/../lib/gcc/nios2-elf/5.3.0/../../../../../H-x86_64-mingw32/nios2-elf/lib\libc.a(lib_a-wbuf.o)
 .bss           0x000000000011277c        0x0 d:/intel/nios2eds/bin/gnu/h-x86_64-mingw32/bin/../lib/gcc/nios2-elf/5.3.0/../../../../../H-x86_64-mingw32/nios2-elf/lib\libc.a(lib_a-wcrtomb.o)
 .bss           0x000000000011277c        0x0 d:/intel/nios2eds/bin/gnu/h-x86_64-mingw32/bin/../lib/gcc/nios2-elf/5.3.0/../../../../../H-x86_64-mingw32/nios2-elf/lib\libc.a(lib_a-wctomb_r.o)
 .bss           0x000000000011277c        0x0 d:/intel/nios2eds/bin/gnu/h-x86_64-mingw32/bin/../lib/gcc/nios2-elf/5.3.0\libgcc.a(_udivdi3.o)
 .bss           0x000000000011277c        0x0 d:/intel/nios2eds/bin/gnu/h-x86_64-mingw32/bin/../lib/gcc/nios2-elf/5.3.0\libgcc.a(_umoddi3.o)
 .bss           0x000000000011277c        0x0 d:/intel/nios2eds/bin/gnu/h-x86_64-mingw32/bin/../lib/gcc/nios2-elf/5.3.0\libgcc.a(adddf3.o)
 .bss           0x000000000011277c        0x0 d:/intel/nios2eds/bin/gnu/h-x86_64-mingw32/bin/../lib/gcc/nios2-elf/5.3.0\libgcc.a(divdf3.o)
 .bss           0x000000000011277c        0x0 d:/intel/nios2eds/bin/gnu/h-x86_64-mingw32/bin/../lib/gcc/nios2-elf/5.3.0\libgcc.a(eqdf2.o)
 .bss           0x000000000011277c        0x0 d:/intel/nios2eds/bin/gnu/h-x86_64-mingw32/bin/../lib/gcc/nios2-elf/5.3.0\libgcc.a(gedf2.o)
 .bss           0x000000000011277c        0x0 d:/intel/nios2eds/bin/gnu/h-x86_64-mingw32/bin/../lib/gcc/nios2-elf/5.3.0\libgcc.a(ledf2.o)
 .bss           0x000000000011277c        0x0 d:/intel/nios2eds/bin/gnu/h-x86_64-mingw32/bin/../lib/gcc/nios2-elf/5.3.0\libgcc.a(muldf3.o)
 .bss           0x000000000011277c        0x0 d:/intel/nios2eds/bin/gnu/h-x86_64-mingw32/bin/../lib/gcc/nios2-elf/5.3.0\libgcc.a(subdf3.o)
 .bss           0x000000000011277c        0x0 d:/intel/nios2eds/bin/gnu/h-x86_64-mingw32/bin/../lib/gcc/nios2-elf/5.3.0\libgcc.a(fixdfsi.o)
 .bss           0x000000000011277c        0x0 d:/intel/nios2eds/bin/gnu/h-x86_64-mingw32/bin/../lib/gcc/nios2-elf/5.3.0\libgcc.a(floatsidf.o)
 .bss           0x000000000011277c        0x0 d:/intel/nios2eds/bin/gnu/h-x86_64-mingw32/bin/../lib/gcc/nios2-elf/5.3.0\libgcc.a(floatunsidf.o)
 .bss           0x000000000011277c        0x0 ../bioleg_bsp/\libhal_bsp.a(alt_close.o)
 .bss           0x000000000011277c        0x0 ../bioleg_bsp/\libhal_bsp.a(alt_dev.o)
 .bss           0x000000000011277c        0x0 ../bioleg_bsp/\libhal_bsp.a(alt_errno.o)
 .bss           0x000000000011277c        0x0 ../bioleg_bsp/\libhal_bsp.a(alt_fstat.o)
 .bss           0x000000000011277c        0x0 ../bioleg_bsp/\libhal_bsp.a(alt_isatty.o)
 .bss           0x000000000011277c        0x0 ../bioleg_bsp/\libhal_bsp.a(alt_load.o)
 .bss           0x000000000011277c        0x0 ../bioleg_bsp/\libhal_bsp.a(alt_lseek.o)
 .bss           0x000000000011277c        0x0 ../bioleg_bsp/\libhal_bsp.a(alt_main.o)
 .bss           0x000000000011277c        0x0 ../bioleg_bsp/\libhal_bsp.a(alt_malloc_lock.o)
 .bss           0x000000000011277c        0x0 ../bioleg_bsp/\libhal_bsp.a(alt_read.o)
 .bss           0x000000000011277c        0x0 ../bioleg_bsp/\libhal_bsp.a(alt_release_fd.o)
 .bss           0x000000000011277c        0x0 ../bioleg_bsp/\libhal_bsp.a(alt_sbrk.o)
 .bss           0x000000000011277c        0x0 ../bioleg_bsp/\libhal_bsp.a(alt_usleep.o)
 .bss           0x000000000011277c        0x0 ../bioleg_bsp/\libhal_bsp.a(alt_write.o)
 .bss           0x000000000011277c        0x0 ../bioleg_bsp/\libhal_bsp.a(alt_sys_init.o)
 .bss           0x000000000011277c        0x0 ../bioleg_bsp/\libhal_bsp.a(altera_avalon_uart_fd.o)
 .bss           0x000000000011277c        0x0 ../bioleg_bsp/\libhal_bsp.a(altera_avalon_uart_init.o)
 .bss           0x000000000011277c        0x0 ../bioleg_bsp/\libhal_bsp.a(altera_avalon_uart_read.o)
 .bss           0x000000000011277c        0x0 ../bioleg_bsp/\libhal_bsp.a(altera_avalon_uart_write.o)
 .bss           0x000000000011277c        0x0 ../bioleg_bsp/\libhal_bsp.a(alt_busy_sleep.o)
 .bss           0x000000000011277c        0x0 ../bioleg_bsp/\libhal_bsp.a(alt_dcache_flush_all.o)
 .bss           0x000000000011277c        0x0 ../bioleg_bsp/\libhal_bsp.a(alt_dev_llist_insert.o)
 .bss           0x000000000011277c        0x0 ../bioleg_bsp/\libhal_bsp.a(alt_do_ctors.o)
 .bss           0x000000000011277c        0x0 ../bioleg_bsp/\libhal_bsp.a(alt_do_dtors.o)
 .bss           0x000000000011277c        0x0 ../bioleg_bsp/\libhal_bsp.a(alt_icache_flush_all.o)
 .bss           0x000000000011277c        0x0 ../bioleg_bsp/\libhal_bsp.a(alt_iic.o)
 .bss           0x000000000011277c        0x0 ../bioleg_bsp/\libhal_bsp.a(alt_iic_isr_register.o)
 .bss           0x000000000011277c        0x0 ../bioleg_bsp/\libhal_bsp.a(alt_io_redirect.o)
 .bss           0x000000000011277c        0x0 ../bioleg_bsp/\libhal_bsp.a(alt_irq_entry.o)
 .bss           0x000000000011277c        0x0 ../bioleg_bsp/\libhal_bsp.a(alt_irq_handler.o)
 .bss           0x000000000011277c        0x0 ../bioleg_bsp/\libhal_bsp.a(alt_irq_vars.o)
 .bss           0x000000000011277c        0x0 ../bioleg_bsp/\libhal_bsp.a(alt_open.o)
 .bss           0x000000000011277c        0x0 ../bioleg_bsp/\libhal_bsp.a(altera_nios2_gen2_irq.o)
 .bss           0x000000000011277c        0x0 ../bioleg_bsp/\libhal_bsp.a(alt_exception_entry.o)
 .bss           0x000000000011277c        0x0 ../bioleg_bsp/\libhal_bsp.a(alt_find_dev.o)
 .bss           0x000000000011277c        0x0 ../bioleg_bsp/\libhal_bsp.a(alt_find_file.o)
 .bss           0x000000000011277c        0x0 ../bioleg_bsp/\libhal_bsp.a(alt_get_fd.o)
 .bss           0x000000000011277c        0x0 ../bioleg_bsp/\libhal_bsp.a(alt_icache_flush.o)
 .bss           0x000000000011277c        0x0 ../bioleg_bsp/\libhal_bsp.a(alt_instruction_exception_entry.o)
 .bss           0x000000000011277c        0x0 d:/intel/nios2eds/bin/gnu/h-x86_64-mingw32/bin/../lib/gcc/nios2-elf/5.3.0/../../../../../H-x86_64-mingw32/nios2-elf/lib\libc.a(lib_a-atexit.o)
 .bss           0x000000000011277c        0x0 d:/intel/nios2eds/bin/gnu/h-x86_64-mingw32/bin/../lib/gcc/nios2-elf/5.3.0/../../../../../H-x86_64-mingw32/nios2-elf/lib\libc.a(lib_a-exit.o)
 .bss           0x000000000011277c        0x0 d:/intel/nios2eds/bin/gnu/h-x86_64-mingw32/bin/../lib/gcc/nios2-elf/5.3.0/../../../../../H-x86_64-mingw32/nios2-elf/lib\libc.a(lib_a-memcmp.o)
 .bss           0x000000000011277c        0x0 d:/intel/nios2eds/bin/gnu/h-x86_64-mingw32/bin/../lib/gcc/nios2-elf/5.3.0/../../../../../H-x86_64-mingw32/nios2-elf/lib\libc.a(lib_a-__atexit.o)
 .bss           0x000000000011277c        0x0 d:/intel/nios2eds/bin/gnu/h-x86_64-mingw32/bin/../lib/gcc/nios2-elf/5.3.0/../../../../../H-x86_64-mingw32/nios2-elf/lib\libc.a(lib_a-__call_atexit.o)
 .bss           0x000000000011277c        0x0 ../bioleg_bsp/\libhal_bsp.a(alt_exit.o)
 *(COMMON)
 COMMON         0x000000000011277c      0x100 ../bioleg_bsp/\libhal_bsp.a(alt_irq_handler.o)